Executing action: all (aliases: build)
Running ninja in directory F:\kikichatwiath_ai-fwlenwed\kikichatwiath_ai-master\build
Executing "ninja all"...
[1/11] Performing build step for 'bootloader'

[1/1] C:\WINDOWS\system32\cmd.exe /C "cd /D F:\kikichatwiath_ai-fwlenwed\kikichatwiath_ai-master\build\bootloader\esp-idf\esptool_py && C:\Espressif\python_env\idf5.5_py3.13_env\Scripts\python.exe C:/Espressif/frameworks/esp-idf-v5.5/components/partition_table/check_sizes.py --offset 0x8000 bootloader 0x0 F:/kikichatwiath_ai-fwlenwed/kikichatwiath_ai-master/build/bootloader/bootloader.bin"


Bootloader binary size 0x4070 bytes. 0x3f90 bytes (50%) free.



[2/11] No install step for 'bootloader'

[3/11] Completed 'bootloader'

[4/11] Building CXX object esp-idf/main/CMakeFiles/__idf_main.dir/application.cc.obj

FAILED: esp-idf/main/CMakeFiles/__idf_main.dir/application.cc.obj 

ccache C:\Espressif\tools\xtensa-esp-elf\esp-14.2.0_20241119\xtensa-esp-elf\bin\xtensa-esp32s3-elf-g++.exe -DBOARD_NAME=\"kiki\" -DBOARD_TYPE=\"kiki\" -DBUILTIN_ICON_FONT=font_awesome_16_4 -DBUILTIN_TEXT_FONT=font_puhui_16_4 -DESP_PLATFORM -DIDF_VER=\"v5.5-dirty\" -DLV_CONF_INCLUDE_SIMPLE -DLV_LVGL_H_INCLUDE_SIMPLE -DMBEDTLS_CONFIG_FILE=\"mbedtls/esp_config.h\" -DSOC_MMU_PAGE_SIZE=CONFIG_MMU_PAGE_SIZE -DSOC_XTAL_FREQ_MHZ=CONFIG_XTAL_FREQ -DUNITY_INCLUDE_CONFIG_H -D_GLIBCXX_HAVE_POSIX_SEMAPHORE -D_GLIBCXX_USE_POSIX_SEMAPHORE -D_GNU_SOURCE -D_POSIX_READER_WRITER_LOCKS -IF:/kikichatwiath_ai-fwlenwed/kikichatwiath_ai-master/build/config -IF:/kikichatwiath_ai-fwlenwed/kikichatwiath_ai-master/main -IF:/kikichatwiath_ai-fwlenwed/kikichatwiath_ai-master/main/display -IF:/kikichatwiath_ai-fwlenwed/kikichatwiath_ai-master/main/display/lvgl_display -IF:/kikichatwiath_ai-fwlenwed/kikichatwiath_ai-master/main/display/lvgl_display/jpg -IF:/kikichatwiath_ai-fwlenwed/kikichatwiath_ai-master/main/audio -IF:/kikichatwiath_ai-fwlenwed/kikichatwiath_ai-master/main/protocols -IF:/kikichatwiath_ai-fwlenwed/kikichatwiath_ai-master/main/qrcode -IF:/kikichatwiath_ai-fwlenwed/kikichatwiath_ai-master/main/boards/common -IC:/Espressif/frameworks/esp-idf-v5.5/components/newlib/platform_include -IC:/Espressif/frameworks/esp-idf-v5.5/components/freertos/config/include -IC:/Espressif/frameworks/esp-idf-v5.5/components/freertos/config/include/freertos -IC:/Espressif/frameworks/esp-idf-v5.5/components/freertos/config/xtensa/include -IC:/Espressif/frameworks/esp-idf-v5.5/components/freertos/FreeRTOS-Kernel/include -IC:/Espressif/frameworks/esp-idf-v5.5/components/freertos/FreeRTOS-Kernel/portable/xtensa/include -IC:/Espressif/frameworks/esp-idf-v5.5/components/freertos/FreeRTOS-Kernel/portable/xtensa/include/freertos -IC:/Espressif/frameworks/esp-idf-v5.5/components/freertos/esp_additions/include -IC:/Espressif/frameworks/esp-idf-v5.5/components/esp_hw_support/include -IC:/Espressif/frameworks/esp-idf-v5.5/components/esp_hw_support/include/soc -IC:/Espressif/frameworks/esp-idf-v5.5/components/esp_hw_support/include/soc/esp32s3 -IC:/Espressif/frameworks/esp-idf-v5.5/components/esp_hw_support/dma/include -IC:/Espressif/frameworks/esp-idf-v5.5/components/esp_hw_support/ldo/include -IC:/Espressif/frameworks/esp-idf-v5.5/components/esp_hw_support/debug_probe/include -IC:/Espressif/frameworks/esp-idf-v5.5/components/esp_hw_support/mspi_timing_tuning/include -IC:/Espressif/frameworks/esp-idf-v5.5/components/esp_hw_support/mspi_timing_tuning/tuning_scheme_impl/include -IC:/Espressif/frameworks/esp-idf-v5.5/components/esp_hw_support/power_supply/include -IC:/Espressif/frameworks/esp-idf-v5.5/components/esp_hw_support/port/esp32s3/. -IC:/Espressif/frameworks/esp-idf-v5.5/components/esp_hw_support/port/esp32s3/include -IC:/Espressif/frameworks/esp-idf-v5.5/components/esp_hw_support/mspi_timing_tuning/port/esp32s3/. -IC:/Espressif/frameworks/esp-idf-v5.5/components/esp_hw_support/mspi_timing_tuning/port/esp32s3/include -IC:/Espressif/frameworks/esp-idf-v5.5/components/heap/include -IC:/Espressif/frameworks/esp-idf-v5.5/components/heap/tlsf -IC:/Espressif/frameworks/esp-idf-v5.5/components/log/include -IC:/Espressif/frameworks/esp-idf-v5.5/components/soc/include -IC:/Espressif/frameworks/esp-idf-v5.5/components/soc/esp32s3 -IC:/Espressif/frameworks/esp-idf-v5.5/components/soc/esp32s3/include -IC:/Espressif/frameworks/esp-idf-v5.5/components/soc/esp32s3/register -IC:/Espressif/frameworks/esp-idf-v5.5/components/hal/platform_port/include -IC:/Espressif/frameworks/esp-idf-v5.5/components/hal/esp32s3/include -IC:/Espressif/frameworks/esp-idf-v5.5/components/hal/include -IC:/Espressif/frameworks/esp-idf-v5.5/components/esp_rom/include -IC:/Espressif/frameworks/esp-idf-v5.5/components/esp_rom/esp32s3/include -IC:/Espressif/frameworks/esp-idf-v5.5/components/esp_rom/esp32s3/include/esp32s3 -IC:/Espressif/frameworks/esp-idf-v5.5/components/esp_rom/esp32s3 -IC:/Espressif/frameworks/esp-idf-v5.5/components/esp_common/include -IC:/Espressif/frameworks/esp-idf-v5.5/components/esp_system/include -IC:/Espressif/frameworks/esp-idf-v5.5/components/esp_system/port/soc -IC:/Espressif/frameworks/esp-idf-v5.5/components/esp_system/port/include/private -IC:/Espressif/frameworks/esp-idf-v5.5/components/xtensa/esp32s3/include -IC:/Espressif/frameworks/esp-idf-v5.5/components/xtensa/include -IC:/Espressif/frameworks/esp-idf-v5.5/components/xtensa/deprecated_include -IC:/Espressif/frameworks/esp-idf-v5.5/components/esp_timer/include -IC:/Espressif/frameworks/esp-idf-v5.5/components/lwip/include -IC:/Espressif/frameworks/esp-idf-v5.5/components/lwip/include/apps -IC:/Espressif/frameworks/esp-idf-v5.5/components/lwip/include/apps/sntp -IC:/Espressif/frameworks/esp-idf-v5.5/components/lwip/lwip/src/include -IC:/Espressif/frameworks/esp-idf-v5.5/components/lwip/port/include -IC:/Espressif/frameworks/esp-idf-v5.5/components/lwip/port/freertos/include -IC:/Espressif/frameworks/esp-idf-v5.5/components/lwip/port/esp32xx/include -IC:/Espressif/frameworks/esp-idf-v5.5/components/lwip/port/esp32xx/include/arch -IC:/Espressif/frameworks/esp-idf-v5.5/components/lwip/port/esp32xx/include/sys -IF:/kikichatwiath_ai-fwlenwed/kikichatwiath_ai-master/managed_components/78__esp-ml307/include -IC:/Espressif/frameworks/esp-idf-v5.5/components/esp_driver_gpio/include -IC:/Espressif/frameworks/esp-idf-v5.5/components/esp_driver_uart/include -IC:/Espressif/frameworks/esp-idf-v5.5/components/vfs/include -IC:/Espressif/frameworks/esp-idf-v5.5/components/esp_pm/include -IC:/Espressif/frameworks/esp-idf-v5.5/components/esp-tls -IC:/Espressif/frameworks/esp-idf-v5.5/components/esp-tls/esp-tls-crypto -IC:/Espressif/frameworks/esp-idf-v5.5/components/mbedtls/port/include -IC:/Espressif/frameworks/esp-idf-v5.5/components/mbedtls/mbedtls/include -IC:/Espressif/frameworks/esp-idf-v5.5/components/mbedtls/mbedtls/library -IC:/Espressif/frameworks/esp-idf-v5.5/components/mbedtls/esp_crt_bundle/include -IC:/Espressif/frameworks/esp-idf-v5.5/components/mbedtls/mbedtls/3rdparty/everest/include -IC:/Espressif/frameworks/esp-idf-v5.5/components/mbedtls/mbedtls/3rdparty/p256-m -IC:/Espressif/frameworks/esp-idf-v5.5/components/mbedtls/mbedtls/3rdparty/p256-m/p256-m -IC:/Espressif/frameworks/esp-idf-v5.5/components/pthread/include -IC:/Espressif/frameworks/esp-idf-v5.5/components/mqtt/esp-mqtt/include -IC:/Espressif/frameworks/esp-idf-v5.5/components/esp_event/include -IC:/Espressif/frameworks/esp-idf-v5.5/components/tcp_transport/include -IF:/kikichatwiath_ai-fwlenwed/kikichatwiath_ai-master/managed_components/78__esp-opus-encoder/include -IF:/kikichatwiath_ai-fwlenwed/kikichatwiath_ai-master/managed_components/78__esp-wifi-connect/include -IC:/Espressif/frameworks/esp-idf-v5.5/components/esp_http_server/include -IC:/Espressif/frameworks/esp-idf-v5.5/components/http_parser -IC:/Espressif/frameworks/esp-idf-v5.5/components/esp_wifi/include -IC:/Espressif/frameworks/esp-idf-v5.5/components/esp_wifi/include/local -IC:/Espressif/frameworks/esp-idf-v5.5/components/esp_wifi/wifi_apps/include -IC:/Espressif/frameworks/esp-idf-v5.5/components/esp_wifi/wifi_apps/nan_app/include -IC:/Espressif/frameworks/esp-idf-v5.5/components/esp_phy/include -IC:/Espressif/frameworks/esp-idf-v5.5/components/esp_phy/esp32s3/include -IC:/Espressif/frameworks/esp-idf-v5.5/components/esp_netif/include -IC:/Espressif/frameworks/esp-idf-v5.5/components/nvs_flash/include -IC:/Espressif/frameworks/esp-idf-v5.5/components/esp_partition/include -IC:/Espressif/frameworks/esp-idf-v5.5/components/json/cJSON -IF:/kikichatwiath_ai-fwlenwed/kikichatwiath_ai-master/managed_components/78__esp_lcd_nv3023/include -IC:/Espressif/frameworks/esp-idf-v5.5/components/esp_lcd/include -IC:/Espressif/frameworks/esp-idf-v5.5/components/esp_lcd/interface -IC:/Espressif/frameworks/esp-idf-v5.5/components/esp_lcd/rgb/include -IC:/Espressif/frameworks/esp-idf-v5.5/components/driver/deprecated -IC:/Espressif/frameworks/esp-idf-v5.5/components/driver/i2c/include -IC:/Espressif/frameworks/esp-idf-v5.5/components/driver/touch_sensor/include -IC:/Espressif/frameworks/esp-idf-v5.5/components/driver/twai/include -IC:/Espressif/frameworks/esp-idf-v5.5/components/driver/touch_sensor/esp32s3/include -IC:/Espressif/frameworks/esp-idf-v5.5/components/esp_ringbuf/include -IC:/Espressif/frameworks/esp-idf-v5.5/components/esp_driver_pcnt/include -IC:/Espressif/frameworks/esp-idf-v5.5/components/esp_driver_gptimer/include -IC:/Espressif/frameworks/esp-idf-v5.5/components/esp_driver_spi/include -IC:/Espressif/frameworks/esp-idf-v5.5/components/esp_driver_mcpwm/include -IC:/Espressif/frameworks/esp-idf-v5.5/components/esp_driver_ana_cmpr/include -IC:/Espressif/frameworks/esp-idf-v5.5/components/esp_driver_i2s/include -IC:/Espressif/frameworks/esp-idf-v5.5/components/esp_driver_sdmmc/include -IC:/Espressif/frameworks/esp-idf-v5.5/components/sdmmc/include -IC:/Espressif/frameworks/esp-idf-v5.5/components/esp_driver_sdspi/include -IC:/Espressif/frameworks/esp-idf-v5.5/components/esp_driver_sdio/include -IC:/Espressif/frameworks/esp-idf-v5.5/components/esp_driver_dac/include -IC:/Espressif/frameworks/esp-idf-v5.5/components/esp_driver_rmt/include -IC:/Espressif/frameworks/esp-idf-v5.5/components/esp_driver_tsens/include -IC:/Espressif/frameworks/esp-idf-v5.5/components/esp_driver_sdm/include -IC:/Espressif/frameworks/esp-idf-v5.5/components/esp_driver_i2c/include -IC:/Espressif/frameworks/esp-idf-v5.5/components/esp_driver_ledc/include -IC:/Espressif/frameworks/esp-idf-v5.5/components/esp_driver_parlio/include -IC:/Espressif/frameworks/esp-idf-v5.5/components/esp_driver_usb_serial_jtag/include -IC:/Espressif/frameworks/esp-idf-v5.5/components/esp_driver_twai/include -IF:/kikichatwiath_ai-fwlenwed/kikichatwiath_ai-master/managed_components/78__xiaozhi-fonts/include -IF:/kikichatwiath_ai-fwlenwed/kikichatwiath_ai-master/managed_components/chmorgan__esp-libhelix-mp3/libhelix-mp3/pub -IF:/kikichatwiath_ai-fwlenwed/kikichatwiath_ai-master/managed_components/espressif__adc_battery_estimation/include -IC:/Espressif/frameworks/esp-idf-v5.5/components/esp_adc/include -IC:/Espressif/frameworks/esp-idf-v5.5/components/esp_adc/interface -IC:/Espressif/frameworks/esp-idf-v5.5/components/esp_adc/esp32s3/include -IC:/Espressif/frameworks/esp-idf-v5.5/components/esp_adc/deprecated/include -IF:/kikichatwiath_ai-fwlenwed/kikichatwiath_ai-master/managed_components/espressif__adc_mic -IF:/kikichatwiath_ai-fwlenwed/kikichatwiath_ai-master/managed_components/espressif__button/include -IF:/kikichatwiath_ai-fwlenwed/kikichatwiath_ai-master/managed_components/espressif__button/interface -IF:/kikichatwiath_ai-fwlenwed/kikichatwiath_ai-master/managed_components/espressif__esp-sr/esp-tts/esp_tts_chinese/include -IF:/kikichatwiath_ai-fwlenwed/kikichatwiath_ai-master/managed_components/espressif__esp-sr/include/esp32s3 -IF:/kikichatwiath_ai-fwlenwed/kikichatwiath_ai-master/managed_components/espressif__esp-sr/src/include -IC:/Espressif/frameworks/esp-idf-v5.5/components/spiffs/include -IF:/kikichatwiath_ai-fwlenwed/kikichatwiath_ai-master/managed_components/espressif__esp_codec_dev/include -IF:/kikichatwiath_ai-fwlenwed/kikichatwiath_ai-master/managed_components/espressif__esp_codec_dev/interface -IF:/kikichatwiath_ai-fwlenwed/kikichatwiath_ai-master/managed_components/espressif__esp_codec_dev/device/include -IF:/kikichatwiath_ai-fwlenwed/kikichatwiath_ai-master/managed_components/espressif__esp_image_effects/include -IF:/kikichatwiath_ai-fwlenwed/kikichatwiath_ai-master/managed_components/espressif__esp_io_expander_tca9554/include -IF:/kikichatwiath_ai-fwlenwed/kikichatwiath_ai-master/managed_components/espressif__esp_io_expander/include -IF:/kikichatwiath_ai-fwlenwed/kikichatwiath_ai-master/managed_components/espressif__esp_io_expander_tca95xx_16bit/include -IF:/kikichatwiath_ai-fwlenwed/kikichatwiath_ai-master/managed_components/espressif__esp_lcd_axs15231b/include -IF:/kikichatwiath_ai-fwlenwed/kikichatwiath_ai-master/managed_components/espressif__esp_lcd_touch/include -IF:/kikichatwiath_ai-fwlenwed/kikichatwiath_ai-master/managed_components/espressif__esp_lcd_gc9a01/include -IF:/kikichatwiath_ai-fwlenwed/kikichatwiath_ai-master/managed_components/espressif__esp_lcd_ili9341/include -IF:/kikichatwiath_ai-fwlenwed/kikichatwiath_ai-master/managed_components/espressif__esp_lcd_panel_io_additions/include -IF:/kikichatwiath_ai-fwlenwed/kikichatwiath_ai-master/managed_components/espressif__esp_lcd_spd2010/include -IF:/kikichatwiath_ai-fwlenwed/kikichatwiath_ai-master/managed_components/espressif__esp_lcd_st7701/include -IF:/kikichatwiath_ai-fwlenwed/kikichatwiath_ai-master/managed_components/espressif__esp_lcd_st77916/include -IF:/kikichatwiath_ai-fwlenwed/kikichatwiath_ai-master/managed_components/espressif__esp_lcd_st7796/include -IF:/kikichatwiath_ai-fwlenwed/kikichatwiath_ai-master/managed_components/espressif__esp_lcd_touch_cst816s/include -IF:/kikichatwiath_ai-fwlenwed/kikichatwiath_ai-master/managed_components/espressif__esp_lcd_touch_ft5x06/include -IF:/kikichatwiath_ai-fwlenwed/kikichatwiath_ai-master/managed_components/espressif__esp_lcd_touch_gt1151/include -IF:/kikichatwiath_ai-fwlenwed/kikichatwiath_ai-master/managed_components/espressif__esp_lcd_touch_gt911/include -IF:/kikichatwiath_ai-fwlenwed/kikichatwiath_ai-master/managed_components/espressif__esp_lcd_touch_st7123/include -IF:/kikichatwiath_ai-fwlenwed/kikichatwiath_ai-master/managed_components/espressif__esp_lvgl_port/include -IF:/kikichatwiath_ai-fwlenwed/kikichatwiath_ai-master/managed_components/lvgl__lvgl -IF:/kikichatwiath_ai-fwlenwed/kikichatwiath_ai-master/managed_components/lvgl__lvgl/src -IF:/kikichatwiath_ai-fwlenwed/kikichatwiath_ai-master/managed_components -IF:/kikichatwiath_ai-fwlenwed/kikichatwiath_ai-master/managed_components/lvgl__lvgl/examples -IF:/kikichatwiath_ai-fwlenwed/kikichatwiath_ai-master/managed_components/lvgl__lvgl/demos -IF:/kikichatwiath_ai-fwlenwed/kikichatwiath_ai-master/managed_components/espressif__esp_mmap_assets/include -IF:/kikichatwiath_ai-fwlenwed/kikichatwiath_ai-master/managed_components/espressif__esp_new_jpeg/include -IF:/kikichatwiath_ai-fwlenwed/kikichatwiath_ai-master/managed_components/espressif__esp_video/include -IC:/Espressif/frameworks/esp-idf-v5.5/components/esp_driver_cam/include -IC:/Espressif/frameworks/esp-idf-v5.5/components/esp_driver_cam/interface -IC:/Espressif/frameworks/esp-idf-v5.5/components/esp_driver_isp/include -IC:/Espressif/frameworks/esp-idf-v5.5/components/esp_mm/include -IF:/kikichatwiath_ai-fwlenwed/kikichatwiath_ai-master/managed_components/espressif__esp_cam_sensor/include -IF:/kikichatwiath_ai-fwlenwed/kikichatwiath_ai-master/managed_components/espressif__esp_sccb_intf/include -IF:/kikichatwiath_ai-fwlenwed/kikichatwiath_ai-master/managed_components/espressif__esp_sccb_intf/interface -IF:/kikichatwiath_ai-fwlenwed/kikichatwiath_ai-master/managed_components/espressif__esp_sccb_intf/sccb_i2c/include -IF:/kikichatwiath_ai-fwlenwed/kikichatwiath_ai-master/managed_components/espressif__knob/include -IF:/kikichatwiath_ai-fwlenwed/kikichatwiath_ai-master/managed_components/espressif__led_strip/include -IF:/kikichatwiath_ai-fwlenwed/kikichatwiath_ai-master/managed_components/espressif__led_strip/interface -IF:/kikichatwiath_ai-fwlenwed/kikichatwiath_ai-master/managed_components/espressif2022__esp_emote_gfx/include -IF:/kikichatwiath_ai-fwlenwed/kikichatwiath_ai-master/managed_components/espressif2022__image_player/include -IF:/kikichatwiath_ai-fwlenwed/kikichatwiath_ai-master/managed_components/tny-robotics__sh1106-esp-idf/include -IF:/kikichatwiath_ai-fwlenwed/kikichatwiath_ai-master/managed_components/txp666__otto-emoji-gif-component/include -IF:/kikichatwiath_ai-fwlenwed/kikichatwiath_ai-master/managed_components/waveshare__esp_lcd_sh8601/include -IF:/kikichatwiath_ai-fwlenwed/kikichatwiath_ai-master/managed_components/waveshare__esp_lcd_touch_cst9217/include -IF:/kikichatwiath_ai-fwlenwed/kikichatwiath_ai-master/managed_components/wvirgil123__sscma_client/include -IF:/kikichatwiath_ai-fwlenwed/kikichatwiath_ai-master/managed_components/wvirgil123__sscma_client/interface -IC:/Espressif/frameworks/esp-idf-v5.5/components/esp_app_format/include -IC:/Espressif/frameworks/esp-idf-v5.5/components/esp_bootloader_format/include -IC:/Espressif/frameworks/esp-idf-v5.5/components/app_update/include -IC:/Espressif/frameworks/esp-idf-v5.5/components/bootloader_support/include -IC:/Espressif/frameworks/esp-idf-v5.5/components/bootloader_support/bootloader_flash/include -IC:/Espressif/frameworks/esp-idf-v5.5/components/efuse/include -IC:/Espressif/frameworks/esp-idf-v5.5/components/efuse/esp32s3/include -IC:/Espressif/frameworks/esp-idf-v5.5/components/spi_flash/include -IC:/Espressif/frameworks/esp-idf-v5.5/components/esp_security/include -IC:/Espressif/frameworks/esp-idf-v5.5/components/app_trace/include -IC:/Espressif/frameworks/esp-idf-v5.5/components/esp_vfs_console/include -IC:/Espressif/frameworks/esp-idf-v5.5/components/wpa_supplicant/include -IC:/Espressif/frameworks/esp-idf-v5.5/components/wpa_supplicant/port/include -IC:/Espressif/frameworks/esp-idf-v5.5/components/wpa_supplicant/esp_supplicant/include -IC:/Espressif/frameworks/esp-idf-v5.5/components/esp_coex/include -IC:/Espressif/frameworks/esp-idf-v5.5/components/esp_gdbstub/include -IC:/Espressif/frameworks/esp-idf-v5.5/components/unity/include -IC:/Espressif/frameworks/esp-idf-v5.5/components/unity/unity/src -IC:/Espressif/frameworks/esp-idf-v5.5/components/cmock/CMock/src -IC:/Espressif/frameworks/esp-idf-v5.5/components/console -IC:/Espressif/frameworks/esp-idf-v5.5/components/esp_driver_bitscrambler/include -IC:/Espressif/frameworks/esp-idf-v5.5/components/esp_psram/include -IC:/Espressif/frameworks/esp-idf-v5.5/components/esp_psram/xip_impl/include -IC:/Espressif/frameworks/esp-idf-v5.5/components/esp_driver_jpeg/include -IC:/Espressif/frameworks/esp-idf-v5.5/components/esp_driver_ppa/include -IC:/Espressif/frameworks/esp-idf-v5.5/components/esp_driver_touch_sens/include -IC:/Espressif/frameworks/esp-idf-v5.5/components/esp_driver_touch_sens/hw_ver2/include -IC:/Espressif/frameworks/esp-idf-v5.5/components/esp_eth/include -IC:/Espressif/frameworks/esp-idf-v5.5/components/esp_hid/include -IC:/Espressif/frameworks/esp-idf-v5.5/components/esp_http_client/include -IC:/Espressif/frameworks/esp-idf-v5.5/components/esp_https_ota/include -IC:/Espressif/frameworks/esp-idf-v5.5/components/esp_https_server/include -IC:/Espressif/frameworks/esp-idf-v5.5/components/protobuf-c/protobuf-c -IC:/Espressif/frameworks/esp-idf-v5.5/components/protocomm/include/common -IC:/Espressif/frameworks/esp-idf-v5.5/components/protocomm/include/security -IC:/Espressif/frameworks/esp-idf-v5.5/components/protocomm/include/transports -IC:/Espressif/frameworks/esp-idf-v5.5/components/protocomm/include/crypto/srp6a -IC:/Espressif/frameworks/esp-idf-v5.5/components/protocomm/proto-c -IC:/Espressif/frameworks/esp-idf-v5.5/components/esp_local_ctrl/include -IC:/Espressif/frameworks/esp-idf-v5.5/components/espcoredump/include -IC:/Espressif/frameworks/esp-idf-v5.5/components/espcoredump/include/port/xtensa -IC:/Espressif/frameworks/esp-idf-v5.5/components/wear_levelling/include -IC:/Espressif/frameworks/esp-idf-v5.5/components/fatfs/diskio -IC:/Espressif/frameworks/esp-idf-v5.5/components/fatfs/src -IC:/Espressif/frameworks/esp-idf-v5.5/components/fatfs/vfs -IC:/Espressif/frameworks/esp-idf-v5.5/components/idf_test/include -IC:/Espressif/frameworks/esp-idf-v5.5/components/idf_test/include/esp32s3 -IC:/Espressif/frameworks/esp-idf-v5.5/components/ieee802154/include -IC:/Espressif/frameworks/esp-idf-v5.5/components/nvs_sec_provider/include -IC:/Espressif/frameworks/esp-idf-v5.5/components/perfmon/include -IC:/Espressif/frameworks/esp-idf-v5.5/components/rt/include -IC:/Espressif/frameworks/esp-idf-v5.5/components/touch_element/include -IC:/Espressif/frameworks/esp-idf-v5.5/components/usb/include -IC:/Espressif/frameworks/esp-idf-v5.5/components/wifi_provisioning/include -IF:/kikichatwiath_ai-fwlenwed/kikichatwiath_ai-master/managed_components/78__esp-opus/include -IF:/kikichatwiath_ai-fwlenwed/kikichatwiath_ai-master/managed_components/espressif__dl_fft -IF:/kikichatwiath_ai-fwlenwed/kikichatwiath_ai-master/managed_components/espressif__dl_fft/base -IF:/kikichatwiath_ai-fwlenwed/kikichatwiath_ai-master/managed_components/espressif__dl_fft/base/isa -IF:/kikichatwiath_ai-fwlenwed/kikichatwiath_ai-master/managed_components/espressif__esp-dsp/modules/dotprod/include -IF:/kikichatwiath_ai-fwlenwed/kikichatwiath_ai-master/managed_components/espressif__esp-dsp/modules/support/include -IF:/kikichatwiath_ai-fwlenwed/kikichatwiath_ai-master/managed_components/espressif__esp-dsp/modules/support/mem/include -IF:/kikichatwiath_ai-fwlenwed/kikichatwiath_ai-master/managed_components/espressif__esp-dsp/modules/windows/include -IF:/kikichatwiath_ai-fwlenwed/kikichatwiath_ai-master/managed_components/espressif__esp-dsp/modules/windows/hann/include -IF:/kikichatwiath_ai-fwlenwed/kikichatwiath_ai-master/managed_components/espressif__esp-dsp/modules/windows/blackman/include -IF:/kikichatwiath_ai-fwlenwed/kikichatwiath_ai-master/managed_components/espressif__esp-dsp/modules/windows/blackman_harris/include -IF:/kikichatwiath_ai-fwlenwed/kikichatwiath_ai-master/managed_components/espressif__esp-dsp/modules/windows/blackman_nuttall/include -IF:/kikichatwiath_ai-fwlenwed/kikichatwiath_ai-master/managed_components/espressif__esp-dsp/modules/windows/nuttall/include -IF:/kikichatwiath_ai-fwlenwed/kikichatwiath_ai-master/managed_components/espressif__esp-dsp/modules/windows/flat_top/include -IF:/kikichatwiath_ai-fwlenwed/kikichatwiath_ai-master/managed_components/espressif__esp-dsp/modules/iir/include -IF:/kikichatwiath_ai-fwlenwed/kikichatwiath_ai-master/managed_components/espressif__esp-dsp/modules/fir/include -IF:/kikichatwiath_ai-fwlenwed/kikichatwiath_ai-master/managed_components/espressif__esp-dsp/modules/math/include -IF:/kikichatwiath_ai-fwlenwed/kikichatwiath_ai-master/managed_components/espressif__esp-dsp/modules/math/add/include -IF:/kikichatwiath_ai-fwlenwed/kikichatwiath_ai-master/managed_components/espressif__esp-dsp/modules/math/sub/include -IF:/kikichatwiath_ai-fwlenwed/kikichatwiath_ai-master/managed_components/espressif__esp-dsp/modules/math/mul/include -IF:/kikichatwiath_ai-fwlenwed/kikichatwiath_ai-master/managed_components/espressif__esp-dsp/modules/math/addc/include -IF:/kikichatwiath_ai-fwlenwed/kikichatwiath_ai-master/managed_components/espressif__esp-dsp/modules/math/mulc/include -IF:/kikichatwiath_ai-fwlenwed/kikichatwiath_ai-master/managed_components/espressif__esp-dsp/modules/math/sqrt/include -IF:/kikichatwiath_ai-fwlenwed/kikichatwiath_ai-master/managed_components/espressif__esp-dsp/modules/matrix/mul/include -IF:/kikichatwiath_ai-fwlenwed/kikichatwiath_ai-master/managed_components/espressif__esp-dsp/modules/matrix/add/include -IF:/kikichatwiath_ai-fwlenwed/kikichatwiath_ai-master/managed_components/espressif__esp-dsp/modules/matrix/addc/include -IF:/kikichatwiath_ai-fwlenwed/kikichatwiath_ai-master/managed_components/espressif__esp-dsp/modules/matrix/mulc/include -IF:/kikichatwiath_ai-fwlenwed/kikichatwiath_ai-master/managed_components/espressif__esp-dsp/modules/matrix/sub/include -IF:/kikichatwiath_ai-fwlenwed/kikichatwiath_ai-master/managed_components/espressif__esp-dsp/modules/matrix/include -IF:/kikichatwiath_ai-fwlenwed/kikichatwiath_ai-master/managed_components/espressif__esp-dsp/modules/fft/include -IF:/kikichatwiath_ai-fwlenwed/kikichatwiath_ai-master/managed_components/espressif__esp-dsp/modules/dct/include -IF:/kikichatwiath_ai-fwlenwed/kikichatwiath_ai-master/managed_components/espressif__esp-dsp/modules/conv/include -IF:/kikichatwiath_ai-fwlenwed/kikichatwiath_ai-master/managed_components/espressif__esp-dsp/modules/common/include -IF:/kikichatwiath_ai-fwlenwed/kikichatwiath_ai-master/managed_components/espressif__esp-dsp/modules/matrix/mul/test/include -IF:/kikichatwiath_ai-fwlenwed/kikichatwiath_ai-master/managed_components/espressif__esp-dsp/modules/kalman/ekf/include -IF:/kikichatwiath_ai-fwlenwed/kikichatwiath_ai-master/managed_components/espressif__esp-dsp/modules/kalman/ekf_imu13states/include -IF:/kikichatwiath_ai-fwlenwed/kikichatwiath_ai-master/managed_components/espressif__usb_host_uvc/include -IF:/kikichatwiath_ai-fwlenwed/kikichatwiath_ai-master/build/esp-idf/espressif__freetype/output/include -IF:/kikichatwiath_ai-fwlenwed/kikichatwiath_ai-master/managed_components/espressif__freetype/freetype/include -mlongcalls  -fno-builtin-memcpy -fno-builtin-memset -fno-builtin-bzero -fno-builtin-stpcpy -fno-builtin-strncpy -fdiagnostics-color=always -Wno-missing-field-initializers -fdiagnostics-color=always -ffunction-sections -fdata-sections -Wall -Werror=all -Wno-error=unused-function -Wno-error=unused-variable -Wno-error=unused-but-set-variable -Wno-error=deprecated-declarations -Wextra -Wno-error=extra -Wno-unused-parameter -Wno-sign-compare -Wno-enum-conversion -gdwarf-4 -ggdb -mdisable-hardware-atomics -Os -freorder-blocks -fmacro-prefix-map=F:/kikichatwiath_ai-fwlenwed/kikichatwiath_ai-master=. -fmacro-prefix-map=C:/Espressif/frameworks/esp-idf-v5.5=/IDF -fstrict-volatile-bitfields -fno-jump-tables -fno-tree-switch-conversion -std=gnu++2b -fexceptions -frtti -fuse-cxa-atexit -DESP_LCD_NV3023_VER_MAJOR=1 -DESP_LCD_NV3023_VER_MINOR=0 -DESP_LCD_NV3023_VER_PATCH=0 -DADC_BATTERY_ESTIMATION_VER_MAJOR=0 -DADC_BATTERY_ESTIMATION_VER_MINOR=2 -DADC_BATTERY_ESTIMATION_VER_PATCH=1 -DADC_MIC_VER_MAJOR=0 -DADC_MIC_VER_MINOR=2 -DADC_MIC_VER_PATCH=1 -DBUTTON_VER_MAJOR=4 -DBUTTON_VER_MINOR=1 -DBUTTON_VER_PATCH=5 -DESP_LCD_AXS15231B_VER_MAJOR=1 -DESP_LCD_AXS15231B_VER_MINOR=0 -DESP_LCD_AXS15231B_VER_PATCH=1 -DESP_LCD_GC9A01_VER_MAJOR=2 -DESP_LCD_GC9A01_VER_MINOR=0 -DESP_LCD_GC9A01_VER_PATCH=1 -DESP_LCD_ILI9341_VER_MAJOR=1 -DESP_LCD_ILI9341_VER_MINOR=2 -DESP_LCD_ILI9341_VER_PATCH=0 -DESP_LCD_PANEL_IO_ADDITIONS_VER_MAJOR=1 -DESP_LCD_PANEL_IO_ADDITIONS_VER_MINOR=0 -DESP_LCD_PANEL_IO_ADDITIONS_VER_PATCH=1 -DESP_LCD_SPD2010_VER_MAJOR=1 -DESP_LCD_SPD2010_VER_MINOR=0 -DESP_LCD_SPD2010_VER_PATCH=2 -DESP_LCD_ST7701_VER_MAJOR=1 -DESP_LCD_ST7701_VER_MINOR=1 -DESP_LCD_ST7701_VER_PATCH=5 -DESP_LCD_ST77916_VER_MAJOR=1 -DESP_LCD_ST77916_VER_MINOR=0 -DESP_LCD_ST77916_VER_PATCH=1 -DESP_LCD_ST7796_VER_MAJOR=1 -DESP_LCD_ST7796_VER_MINOR=3 -DESP_LCD_ST7796_VER_PATCH=5 -DESP_LCD_TOUCH_ST7123_VER_MAJOR=1 -DESP_LCD_TOUCH_ST7123_VER_MINOR=0 -DESP_LCD_TOUCH_ST7123_VER_PATCH=1 -DESP_MMAP_ASSETS_VER_MAJOR=1 -DESP_MMAP_ASSETS_VER_MINOR=4 -DESP_MMAP_ASSETS_VER_PATCH=0 -DESP_VIDEO_VER_MAJOR=1 -DESP_VIDEO_VER_MINOR=3 -DESP_VIDEO_VER_PATCH=1 -DESP_CAM_SENSOR_VER_MAJOR=1 -DESP_CAM_SENSOR_VER_MINOR=5 -DESP_CAM_SENSOR_VER_PATCH=2 -DKNOB_VER_MAJOR=1 -DKNOB_VER_MINOR=0 -DKNOB_VER_PATCH=2 -DESP_LCD_SH8601_VER_MAJOR=1 -DESP_LCD_SH8601_VER_MINOR=0 -DESP_LCD_SH8601_VER_PATCH=2 -MD -MT esp-idf/main/CMakeFiles/__idf_main.dir/application.cc.obj -MF esp-idf\main\CMakeFiles\__idf_main.dir\application.cc.obj.d -o esp-idf/main/CMakeFiles/__idf_main.dir/application.cc.obj -c F:/kikichatwiath_ai-fwlenwed/kikichatwiath_ai-master/main/application.cc
F:/kikichatwiath_ai-fwlenwed/kikichatwiath_ai-master/main/application.cc: In member function 'bool Application::SendSttMessage(const std::string&)':
F:/kikichatwiath_ai-fwlenwed/kikichatwiath_ai-master/main/application.cc:1691:41: error: could not convert '((Application*)this)->Application::protocol_.std::unique_ptr<Protocol>::operator->()->Protocol::SendWakeWordDetected(escaped_text)' from 'void' to 'bool'
 1691 |     if (!protocol_->SendWakeWordDetected(escaped_text)) {
      |          ~~~~~~~~~~~~~~~~~~~~~~~~~~~~~~~^~~~~~~~~~~~~~
      |                                         |
      |                                         void
F:/kikichatwiath_ai-fwlenwed/kikichatwiath_ai-master/main/application.cc:1691:41: error: in argument to unary !
F:/kikichatwiath_ai-fwlenwed/kikichatwiath_ai-master/main/application.cc:1699:38: error: could not convert '((Application*)this)->Application::protocol_.std::unique_ptr<Protocol>::operator->()->Protocol::SendStopListening()' from 'void' to 'bool'

 1699 |     if (!protocol_->SendStopListening()) {

      |          ~~~~~~~~~~~~~~~~~~~~~~~~~~~~^~

      |                                      |

      |                                      void

F:/kikichatwiath_ai-fwlenwed/kikichatwiath_ai-master/main/application.cc:1699:38: error: in argument to unary !

[5/11] Building CXX object esp-idf/main/CMakeFiles/__idf_main.dir/boards/kiki/otto_controller.cc.obj

FAILED: esp-idf/main/CMakeFiles/__idf_main.dir/boards/kiki/otto_controller.cc.obj 

ccache C:\Espressif\tools\xtensa-esp-elf\esp-14.2.0_20241119\xtensa-esp-elf\bin\xtensa-esp32s3-elf-g++.exe -DBOARD_NAME=\"kiki\" -DBOARD_TYPE=\"kiki\" -DBUILTIN_ICON_FONT=font_awesome_16_4 -DBUILTIN_TEXT_FONT=font_puhui_16_4 -DESP_PLATFORM -DIDF_VER=\"v5.5-dirty\" -DLV_CONF_INCLUDE_SIMPLE -DLV_LVGL_H_INCLUDE_SIMPLE -DMBEDTLS_CONFIG_FILE=\"mbedtls/esp_config.h\" -DSOC_MMU_PAGE_SIZE=CONFIG_MMU_PAGE_SIZE -DSOC_XTAL_FREQ_MHZ=CONFIG_XTAL_FREQ -DUNITY_INCLUDE_CONFIG_H -D_GLIBCXX_HAVE_POSIX_SEMAPHORE -D_GLIBCXX_USE_POSIX_SEMAPHORE -D_GNU_SOURCE -D_POSIX_READER_WRITER_LOCKS -IF:/kikichatwiath_ai-fwlenwed/kikichatwiath_ai-master/build/config -IF:/kikichatwiath_ai-fwlenwed/kikichatwiath_ai-master/main -IF:/kikichatwiath_ai-fwlenwed/kikichatwiath_ai-master/main/display -IF:/kikichatwiath_ai-fwlenwed/kikichatwiath_ai-master/main/display/lvgl_display -IF:/kikichatwiath_ai-fwlenwed/kikichatwiath_ai-master/main/display/lvgl_display/jpg -IF:/kikichatwiath_ai-fwlenwed/kikichatwiath_ai-master/main/audio -IF:/kikichatwiath_ai-fwlenwed/kikichatwiath_ai-master/main/protocols -IF:/kikichatwiath_ai-fwlenwed/kikichatwiath_ai-master/main/qrcode -IF:/kikichatwiath_ai-fwlenwed/kikichatwiath_ai-master/main/boards/common -IC:/Espressif/frameworks/esp-idf-v5.5/components/newlib/platform_include -IC:/Espressif/frameworks/esp-idf-v5.5/components/freertos/config/include -IC:/Espressif/frameworks/esp-idf-v5.5/components/freertos/config/include/freertos -IC:/Espressif/frameworks/esp-idf-v5.5/components/freertos/config/xtensa/include -IC:/Espressif/frameworks/esp-idf-v5.5/components/freertos/FreeRTOS-Kernel/include -IC:/Espressif/frameworks/esp-idf-v5.5/components/freertos/FreeRTOS-Kernel/portable/xtensa/include -IC:/Espressif/frameworks/esp-idf-v5.5/components/freertos/FreeRTOS-Kernel/portable/xtensa/include/freertos -IC:/Espressif/frameworks/esp-idf-v5.5/components/freertos/esp_additions/include -IC:/Espressif/frameworks/esp-idf-v5.5/components/esp_hw_support/include -IC:/Espressif/frameworks/esp-idf-v5.5/components/esp_hw_support/include/soc -IC:/Espressif/frameworks/esp-idf-v5.5/components/esp_hw_support/include/soc/esp32s3 -IC:/Espressif/frameworks/esp-idf-v5.5/components/esp_hw_support/dma/include -IC:/Espressif/frameworks/esp-idf-v5.5/components/esp_hw_support/ldo/include -IC:/Espressif/frameworks/esp-idf-v5.5/components/esp_hw_support/debug_probe/include -IC:/Espressif/frameworks/esp-idf-v5.5/components/esp_hw_support/mspi_timing_tuning/include -IC:/Espressif/frameworks/esp-idf-v5.5/components/esp_hw_support/mspi_timing_tuning/tuning_scheme_impl/include -IC:/Espressif/frameworks/esp-idf-v5.5/components/esp_hw_support/power_supply/include -IC:/Espressif/frameworks/esp-idf-v5.5/components/esp_hw_support/port/esp32s3/. -IC:/Espressif/frameworks/esp-idf-v5.5/components/esp_hw_support/port/esp32s3/include -IC:/Espressif/frameworks/esp-idf-v5.5/components/esp_hw_support/mspi_timing_tuning/port/esp32s3/. -IC:/Espressif/frameworks/esp-idf-v5.5/components/esp_hw_support/mspi_timing_tuning/port/esp32s3/include -IC:/Espressif/frameworks/esp-idf-v5.5/components/heap/include -IC:/Espressif/frameworks/esp-idf-v5.5/components/heap/tlsf -IC:/Espressif/frameworks/esp-idf-v5.5/components/log/include -IC:/Espressif/frameworks/esp-idf-v5.5/components/soc/include -IC:/Espressif/frameworks/esp-idf-v5.5/components/soc/esp32s3 -IC:/Espressif/frameworks/esp-idf-v5.5/components/soc/esp32s3/include -IC:/Espressif/frameworks/esp-idf-v5.5/components/soc/esp32s3/register -IC:/Espressif/frameworks/esp-idf-v5.5/components/hal/platform_port/include -IC:/Espressif/frameworks/esp-idf-v5.5/components/hal/esp32s3/include -IC:/Espressif/frameworks/esp-idf-v5.5/components/hal/include -IC:/Espressif/frameworks/esp-idf-v5.5/components/esp_rom/include -IC:/Espressif/frameworks/esp-idf-v5.5/components/esp_rom/esp32s3/include -IC:/Espressif/frameworks/esp-idf-v5.5/components/esp_rom/esp32s3/include/esp32s3 -IC:/Espressif/frameworks/esp-idf-v5.5/components/esp_rom/esp32s3 -IC:/Espressif/frameworks/esp-idf-v5.5/components/esp_common/include -IC:/Espressif/frameworks/esp-idf-v5.5/components/esp_system/include -IC:/Espressif/frameworks/esp-idf-v5.5/components/esp_system/port/soc -IC:/Espressif/frameworks/esp-idf-v5.5/components/esp_system/port/include/private -IC:/Espressif/frameworks/esp-idf-v5.5/components/xtensa/esp32s3/include -IC:/Espressif/frameworks/esp-idf-v5.5/components/xtensa/include -IC:/Espressif/frameworks/esp-idf-v5.5/components/xtensa/deprecated_include -IC:/Espressif/frameworks/esp-idf-v5.5/components/esp_timer/include -IC:/Espressif/frameworks/esp-idf-v5.5/components/lwip/include -IC:/Espressif/frameworks/esp-idf-v5.5/components/lwip/include/apps -IC:/Espressif/frameworks/esp-idf-v5.5/components/lwip/include/apps/sntp -IC:/Espressif/frameworks/esp-idf-v5.5/components/lwip/lwip/src/include -IC:/Espressif/frameworks/esp-idf-v5.5/components/lwip/port/include -IC:/Espressif/frameworks/esp-idf-v5.5/components/lwip/port/freertos/include -IC:/Espressif/frameworks/esp-idf-v5.5/components/lwip/port/esp32xx/include -IC:/Espressif/frameworks/esp-idf-v5.5/components/lwip/port/esp32xx/include/arch -IC:/Espressif/frameworks/esp-idf-v5.5/components/lwip/port/esp32xx/include/sys -IF:/kikichatwiath_ai-fwlenwed/kikichatwiath_ai-master/managed_components/78__esp-ml307/include -IC:/Espressif/frameworks/esp-idf-v5.5/components/esp_driver_gpio/include -IC:/Espressif/frameworks/esp-idf-v5.5/components/esp_driver_uart/include -IC:/Espressif/frameworks/esp-idf-v5.5/components/vfs/include -IC:/Espressif/frameworks/esp-idf-v5.5/components/esp_pm/include -IC:/Espressif/frameworks/esp-idf-v5.5/components/esp-tls -IC:/Espressif/frameworks/esp-idf-v5.5/components/esp-tls/esp-tls-crypto -IC:/Espressif/frameworks/esp-idf-v5.5/components/mbedtls/port/include -IC:/Espressif/frameworks/esp-idf-v5.5/components/mbedtls/mbedtls/include -IC:/Espressif/frameworks/esp-idf-v5.5/components/mbedtls/mbedtls/library -IC:/Espressif/frameworks/esp-idf-v5.5/components/mbedtls/esp_crt_bundle/include -IC:/Espressif/frameworks/esp-idf-v5.5/components/mbedtls/mbedtls/3rdparty/everest/include -IC:/Espressif/frameworks/esp-idf-v5.5/components/mbedtls/mbedtls/3rdparty/p256-m -IC:/Espressif/frameworks/esp-idf-v5.5/components/mbedtls/mbedtls/3rdparty/p256-m/p256-m -IC:/Espressif/frameworks/esp-idf-v5.5/components/pthread/include -IC:/Espressif/frameworks/esp-idf-v5.5/components/mqtt/esp-mqtt/include -IC:/Espressif/frameworks/esp-idf-v5.5/components/esp_event/include -IC:/Espressif/frameworks/esp-idf-v5.5/components/tcp_transport/include -IF:/kikichatwiath_ai-fwlenwed/kikichatwiath_ai-master/managed_components/78__esp-opus-encoder/include -IF:/kikichatwiath_ai-fwlenwed/kikichatwiath_ai-master/managed_components/78__esp-wifi-connect/include -IC:/Espressif/frameworks/esp-idf-v5.5/components/esp_http_server/include -IC:/Espressif/frameworks/esp-idf-v5.5/components/http_parser -IC:/Espressif/frameworks/esp-idf-v5.5/components/esp_wifi/include -IC:/Espressif/frameworks/esp-idf-v5.5/components/esp_wifi/include/local -IC:/Espressif/frameworks/esp-idf-v5.5/components/esp_wifi/wifi_apps/include -IC:/Espressif/frameworks/esp-idf-v5.5/components/esp_wifi/wifi_apps/nan_app/include -IC:/Espressif/frameworks/esp-idf-v5.5/components/esp_phy/include -IC:/Espressif/frameworks/esp-idf-v5.5/components/esp_phy/esp32s3/include -IC:/Espressif/frameworks/esp-idf-v5.5/components/esp_netif/include -IC:/Espressif/frameworks/esp-idf-v5.5/components/nvs_flash/include -IC:/Espressif/frameworks/esp-idf-v5.5/components/esp_partition/include -IC:/Espressif/frameworks/esp-idf-v5.5/components/json/cJSON -IF:/kikichatwiath_ai-fwlenwed/kikichatwiath_ai-master/managed_components/78__esp_lcd_nv3023/include -IC:/Espressif/frameworks/esp-idf-v5.5/components/esp_lcd/include -IC:/Espressif/frameworks/esp-idf-v5.5/components/esp_lcd/interface -IC:/Espressif/frameworks/esp-idf-v5.5/components/esp_lcd/rgb/include -IC:/Espressif/frameworks/esp-idf-v5.5/components/driver/deprecated -IC:/Espressif/frameworks/esp-idf-v5.5/components/driver/i2c/include -IC:/Espressif/frameworks/esp-idf-v5.5/components/driver/touch_sensor/include -IC:/Espressif/frameworks/esp-idf-v5.5/components/driver/twai/include -IC:/Espressif/frameworks/esp-idf-v5.5/components/driver/touch_sensor/esp32s3/include -IC:/Espressif/frameworks/esp-idf-v5.5/components/esp_ringbuf/include -IC:/Espressif/frameworks/esp-idf-v5.5/components/esp_driver_pcnt/include -IC:/Espressif/frameworks/esp-idf-v5.5/components/esp_driver_gptimer/include -IC:/Espressif/frameworks/esp-idf-v5.5/components/esp_driver_spi/include -IC:/Espressif/frameworks/esp-idf-v5.5/components/esp_driver_mcpwm/include -IC:/Espressif/frameworks/esp-idf-v5.5/components/esp_driver_ana_cmpr/include -IC:/Espressif/frameworks/esp-idf-v5.5/components/esp_driver_i2s/include -IC:/Espressif/frameworks/esp-idf-v5.5/components/esp_driver_sdmmc/include -IC:/Espressif/frameworks/esp-idf-v5.5/components/sdmmc/include -IC:/Espressif/frameworks/esp-idf-v5.5/components/esp_driver_sdspi/include -IC:/Espressif/frameworks/esp-idf-v5.5/components/esp_driver_sdio/include -IC:/Espressif/frameworks/esp-idf-v5.5/components/esp_driver_dac/include -IC:/Espressif/frameworks/esp-idf-v5.5/components/esp_driver_rmt/include -IC:/Espressif/frameworks/esp-idf-v5.5/components/esp_driver_tsens/include -IC:/Espressif/frameworks/esp-idf-v5.5/components/esp_driver_sdm/include -IC:/Espressif/frameworks/esp-idf-v5.5/components/esp_driver_i2c/include -IC:/Espressif/frameworks/esp-idf-v5.5/components/esp_driver_ledc/include -IC:/Espressif/frameworks/esp-idf-v5.5/components/esp_driver_parlio/include -IC:/Espressif/frameworks/esp-idf-v5.5/components/esp_driver_usb_serial_jtag/include -IC:/Espressif/frameworks/esp-idf-v5.5/components/esp_driver_twai/include -IF:/kikichatwiath_ai-fwlenwed/kikichatwiath_ai-master/managed_components/78__xiaozhi-fonts/include -IF:/kikichatwiath_ai-fwlenwed/kikichatwiath_ai-master/managed_components/chmorgan__esp-libhelix-mp3/libhelix-mp3/pub -IF:/kikichatwiath_ai-fwlenwed/kikichatwiath_ai-master/managed_components/espressif__adc_battery_estimation/include -IC:/Espressif/frameworks/esp-idf-v5.5/components/esp_adc/include -IC:/Espressif/frameworks/esp-idf-v5.5/components/esp_adc/interface -IC:/Espressif/frameworks/esp-idf-v5.5/components/esp_adc/esp32s3/include -IC:/Espressif/frameworks/esp-idf-v5.5/components/esp_adc/deprecated/include -IF:/kikichatwiath_ai-fwlenwed/kikichatwiath_ai-master/managed_components/espressif__adc_mic -IF:/kikichatwiath_ai-fwlenwed/kikichatwiath_ai-master/managed_components/espressif__button/include -IF:/kikichatwiath_ai-fwlenwed/kikichatwiath_ai-master/managed_components/espressif__button/interface -IF:/kikichatwiath_ai-fwlenwed/kikichatwiath_ai-master/managed_components/espressif__esp-sr/esp-tts/esp_tts_chinese/include -IF:/kikichatwiath_ai-fwlenwed/kikichatwiath_ai-master/managed_components/espressif__esp-sr/include/esp32s3 -IF:/kikichatwiath_ai-fwlenwed/kikichatwiath_ai-master/managed_components/espressif__esp-sr/src/include -IC:/Espressif/frameworks/esp-idf-v5.5/components/spiffs/include -IF:/kikichatwiath_ai-fwlenwed/kikichatwiath_ai-master/managed_components/espressif__esp_codec_dev/include -IF:/kikichatwiath_ai-fwlenwed/kikichatwiath_ai-master/managed_components/espressif__esp_codec_dev/interface -IF:/kikichatwiath_ai-fwlenwed/kikichatwiath_ai-master/managed_components/espressif__esp_codec_dev/device/include -IF:/kikichatwiath_ai-fwlenwed/kikichatwiath_ai-master/managed_components/espressif__esp_image_effects/include -IF:/kikichatwiath_ai-fwlenwed/kikichatwiath_ai-master/managed_components/espressif__esp_io_expander_tca9554/include -IF:/kikichatwiath_ai-fwlenwed/kikichatwiath_ai-master/managed_components/espressif__esp_io_expander/include -IF:/kikichatwiath_ai-fwlenwed/kikichatwiath_ai-master/managed_components/espressif__esp_io_expander_tca95xx_16bit/include -IF:/kikichatwiath_ai-fwlenwed/kikichatwiath_ai-master/managed_components/espressif__esp_lcd_axs15231b/include -IF:/kikichatwiath_ai-fwlenwed/kikichatwiath_ai-master/managed_components/espressif__esp_lcd_touch/include -IF:/kikichatwiath_ai-fwlenwed/kikichatwiath_ai-master/managed_components/espressif__esp_lcd_gc9a01/include -IF:/kikichatwiath_ai-fwlenwed/kikichatwiath_ai-master/managed_components/espressif__esp_lcd_ili9341/include -IF:/kikichatwiath_ai-fwlenwed/kikichatwiath_ai-master/managed_components/espressif__esp_lcd_panel_io_additions/include -IF:/kikichatwiath_ai-fwlenwed/kikichatwiath_ai-master/managed_components/espressif__esp_lcd_spd2010/include -IF:/kikichatwiath_ai-fwlenwed/kikichatwiath_ai-master/managed_components/espressif__esp_lcd_st7701/include -IF:/kikichatwiath_ai-fwlenwed/kikichatwiath_ai-master/managed_components/espressif__esp_lcd_st77916/include -IF:/kikichatwiath_ai-fwlenwed/kikichatwiath_ai-master/managed_components/espressif__esp_lcd_st7796/include -IF:/kikichatwiath_ai-fwlenwed/kikichatwiath_ai-master/managed_components/espressif__esp_lcd_touch_cst816s/include -IF:/kikichatwiath_ai-fwlenwed/kikichatwiath_ai-master/managed_components/espressif__esp_lcd_touch_ft5x06/include -IF:/kikichatwiath_ai-fwlenwed/kikichatwiath_ai-master/managed_components/espressif__esp_lcd_touch_gt1151/include -IF:/kikichatwiath_ai-fwlenwed/kikichatwiath_ai-master/managed_components/espressif__esp_lcd_touch_gt911/include -IF:/kikichatwiath_ai-fwlenwed/kikichatwiath_ai-master/managed_components/espressif__esp_lcd_touch_st7123/include -IF:/kikichatwiath_ai-fwlenwed/kikichatwiath_ai-master/managed_components/espressif__esp_lvgl_port/include -IF:/kikichatwiath_ai-fwlenwed/kikichatwiath_ai-master/managed_components/lvgl__lvgl -IF:/kikichatwiath_ai-fwlenwed/kikichatwiath_ai-master/managed_components/lvgl__lvgl/src -IF:/kikichatwiath_ai-fwlenwed/kikichatwiath_ai-master/managed_components -IF:/kikichatwiath_ai-fwlenwed/kikichatwiath_ai-master/managed_components/lvgl__lvgl/examples -IF:/kikichatwiath_ai-fwlenwed/kikichatwiath_ai-master/managed_components/lvgl__lvgl/demos -IF:/kikichatwiath_ai-fwlenwed/kikichatwiath_ai-master/managed_components/espressif__esp_mmap_assets/include -IF:/kikichatwiath_ai-fwlenwed/kikichatwiath_ai-master/managed_components/espressif__esp_new_jpeg/include -IF:/kikichatwiath_ai-fwlenwed/kikichatwiath_ai-master/managed_components/espressif__esp_video/include -IC:/Espressif/frameworks/esp-idf-v5.5/components/esp_driver_cam/include -IC:/Espressif/frameworks/esp-idf-v5.5/components/esp_driver_cam/interface -IC:/Espressif/frameworks/esp-idf-v5.5/components/esp_driver_isp/include -IC:/Espressif/frameworks/esp-idf-v5.5/components/esp_mm/include -IF:/kikichatwiath_ai-fwlenwed/kikichatwiath_ai-master/managed_components/espressif__esp_cam_sensor/include -IF:/kikichatwiath_ai-fwlenwed/kikichatwiath_ai-master/managed_components/espressif__esp_sccb_intf/include -IF:/kikichatwiath_ai-fwlenwed/kikichatwiath_ai-master/managed_components/espressif__esp_sccb_intf/interface -IF:/kikichatwiath_ai-fwlenwed/kikichatwiath_ai-master/managed_components/espressif__esp_sccb_intf/sccb_i2c/include -IF:/kikichatwiath_ai-fwlenwed/kikichatwiath_ai-master/managed_components/espressif__knob/include -IF:/kikichatwiath_ai-fwlenwed/kikichatwiath_ai-master/managed_components/espressif__led_strip/include -IF:/kikichatwiath_ai-fwlenwed/kikichatwiath_ai-master/managed_components/espressif__led_strip/interface -IF:/kikichatwiath_ai-fwlenwed/kikichatwiath_ai-master/managed_components/espressif2022__esp_emote_gfx/include -IF:/kikichatwiath_ai-fwlenwed/kikichatwiath_ai-master/managed_components/espressif2022__image_player/include -IF:/kikichatwiath_ai-fwlenwed/kikichatwiath_ai-master/managed_components/tny-robotics__sh1106-esp-idf/include -IF:/kikichatwiath_ai-fwlenwed/kikichatwiath_ai-master/managed_components/txp666__otto-emoji-gif-component/include -IF:/kikichatwiath_ai-fwlenwed/kikichatwiath_ai-master/managed_components/waveshare__esp_lcd_sh8601/include -IF:/kikichatwiath_ai-fwlenwed/kikichatwiath_ai-master/managed_components/waveshare__esp_lcd_touch_cst9217/include -IF:/kikichatwiath_ai-fwlenwed/kikichatwiath_ai-master/managed_components/wvirgil123__sscma_client/include -IF:/kikichatwiath_ai-fwlenwed/kikichatwiath_ai-master/managed_components/wvirgil123__sscma_client/interface -IC:/Espressif/frameworks/esp-idf-v5.5/components/esp_app_format/include -IC:/Espressif/frameworks/esp-idf-v5.5/components/esp_bootloader_format/include -IC:/Espressif/frameworks/esp-idf-v5.5/components/app_update/include -IC:/Espressif/frameworks/esp-idf-v5.5/components/bootloader_support/include -IC:/Espressif/frameworks/esp-idf-v5.5/components/bootloader_support/bootloader_flash/include -IC:/Espressif/frameworks/esp-idf-v5.5/components/efuse/include -IC:/Espressif/frameworks/esp-idf-v5.5/components/efuse/esp32s3/include -IC:/Espressif/frameworks/esp-idf-v5.5/components/spi_flash/include -IC:/Espressif/frameworks/esp-idf-v5.5/components/esp_security/include -IC:/Espressif/frameworks/esp-idf-v5.5/components/app_trace/include -IC:/Espressif/frameworks/esp-idf-v5.5/components/esp_vfs_console/include -IC:/Espressif/frameworks/esp-idf-v5.5/components/wpa_supplicant/include -IC:/Espressif/frameworks/esp-idf-v5.5/components/wpa_supplicant/port/include -IC:/Espressif/frameworks/esp-idf-v5.5/components/wpa_supplicant/esp_supplicant/include -IC:/Espressif/frameworks/esp-idf-v5.5/components/esp_coex/include -IC:/Espressif/frameworks/esp-idf-v5.5/components/esp_gdbstub/include -IC:/Espressif/frameworks/esp-idf-v5.5/components/unity/include -IC:/Espressif/frameworks/esp-idf-v5.5/components/unity/unity/src -IC:/Espressif/frameworks/esp-idf-v5.5/components/cmock/CMock/src -IC:/Espressif/frameworks/esp-idf-v5.5/components/console -IC:/Espressif/frameworks/esp-idf-v5.5/components/esp_driver_bitscrambler/include -IC:/Espressif/frameworks/esp-idf-v5.5/components/esp_psram/include -IC:/Espressif/frameworks/esp-idf-v5.5/components/esp_psram/xip_impl/include -IC:/Espressif/frameworks/esp-idf-v5.5/components/esp_driver_jpeg/include -IC:/Espressif/frameworks/esp-idf-v5.5/components/esp_driver_ppa/include -IC:/Espressif/frameworks/esp-idf-v5.5/components/esp_driver_touch_sens/include -IC:/Espressif/frameworks/esp-idf-v5.5/components/esp_driver_touch_sens/hw_ver2/include -IC:/Espressif/frameworks/esp-idf-v5.5/components/esp_eth/include -IC:/Espressif/frameworks/esp-idf-v5.5/components/esp_hid/include -IC:/Espressif/frameworks/esp-idf-v5.5/components/esp_http_client/include -IC:/Espressif/frameworks/esp-idf-v5.5/components/esp_https_ota/include -IC:/Espressif/frameworks/esp-idf-v5.5/components/esp_https_server/include -IC:/Espressif/frameworks/esp-idf-v5.5/components/protobuf-c/protobuf-c -IC:/Espressif/frameworks/esp-idf-v5.5/components/protocomm/include/common -IC:/Espressif/frameworks/esp-idf-v5.5/components/protocomm/include/security -IC:/Espressif/frameworks/esp-idf-v5.5/components/protocomm/include/transports -IC:/Espressif/frameworks/esp-idf-v5.5/components/protocomm/include/crypto/srp6a -IC:/Espressif/frameworks/esp-idf-v5.5/components/protocomm/proto-c -IC:/Espressif/frameworks/esp-idf-v5.5/components/esp_local_ctrl/include -IC:/Espressif/frameworks/esp-idf-v5.5/components/espcoredump/include -IC:/Espressif/frameworks/esp-idf-v5.5/components/espcoredump/include/port/xtensa -IC:/Espressif/frameworks/esp-idf-v5.5/components/wear_levelling/include -IC:/Espressif/frameworks/esp-idf-v5.5/components/fatfs/diskio -IC:/Espressif/frameworks/esp-idf-v5.5/components/fatfs/src -IC:/Espressif/frameworks/esp-idf-v5.5/components/fatfs/vfs -IC:/Espressif/frameworks/esp-idf-v5.5/components/idf_test/include -IC:/Espressif/frameworks/esp-idf-v5.5/components/idf_test/include/esp32s3 -IC:/Espressif/frameworks/esp-idf-v5.5/components/ieee802154/include -IC:/Espressif/frameworks/esp-idf-v5.5/components/nvs_sec_provider/include -IC:/Espressif/frameworks/esp-idf-v5.5/components/perfmon/include -IC:/Espressif/frameworks/esp-idf-v5.5/components/rt/include -IC:/Espressif/frameworks/esp-idf-v5.5/components/touch_element/include -IC:/Espressif/frameworks/esp-idf-v5.5/components/usb/include -IC:/Espressif/frameworks/esp-idf-v5.5/components/wifi_provisioning/include -IF:/kikichatwiath_ai-fwlenwed/kikichatwiath_ai-master/managed_components/78__esp-opus/include -IF:/kikichatwiath_ai-fwlenwed/kikichatwiath_ai-master/managed_components/espressif__dl_fft -IF:/kikichatwiath_ai-fwlenwed/kikichatwiath_ai-master/managed_components/espressif__dl_fft/base -IF:/kikichatwiath_ai-fwlenwed/kikichatwiath_ai-master/managed_components/espressif__dl_fft/base/isa -IF:/kikichatwiath_ai-fwlenwed/kikichatwiath_ai-master/managed_components/espressif__esp-dsp/modules/dotprod/include -IF:/kikichatwiath_ai-fwlenwed/kikichatwiath_ai-master/managed_components/espressif__esp-dsp/modules/support/include -IF:/kikichatwiath_ai-fwlenwed/kikichatwiath_ai-master/managed_components/espressif__esp-dsp/modules/support/mem/include -IF:/kikichatwiath_ai-fwlenwed/kikichatwiath_ai-master/managed_components/espressif__esp-dsp/modules/windows/include -IF:/kikichatwiath_ai-fwlenwed/kikichatwiath_ai-master/managed_components/espressif__esp-dsp/modules/windows/hann/include -IF:/kikichatwiath_ai-fwlenwed/kikichatwiath_ai-master/managed_components/espressif__esp-dsp/modules/windows/blackman/include -IF:/kikichatwiath_ai-fwlenwed/kikichatwiath_ai-master/managed_components/espressif__esp-dsp/modules/windows/blackman_harris/include -IF:/kikichatwiath_ai-fwlenwed/kikichatwiath_ai-master/managed_components/espressif__esp-dsp/modules/windows/blackman_nuttall/include -IF:/kikichatwiath_ai-fwlenwed/kikichatwiath_ai-master/managed_components/espressif__esp-dsp/modules/windows/nuttall/include -IF:/kikichatwiath_ai-fwlenwed/kikichatwiath_ai-master/managed_components/espressif__esp-dsp/modules/windows/flat_top/include -IF:/kikichatwiath_ai-fwlenwed/kikichatwiath_ai-master/managed_components/espressif__esp-dsp/modules/iir/include -IF:/kikichatwiath_ai-fwlenwed/kikichatwiath_ai-master/managed_components/espressif__esp-dsp/modules/fir/include -IF:/kikichatwiath_ai-fwlenwed/kikichatwiath_ai-master/managed_components/espressif__esp-dsp/modules/math/include -IF:/kikichatwiath_ai-fwlenwed/kikichatwiath_ai-master/managed_components/espressif__esp-dsp/modules/math/add/include -IF:/kikichatwiath_ai-fwlenwed/kikichatwiath_ai-master/managed_components/espressif__esp-dsp/modules/math/sub/include -IF:/kikichatwiath_ai-fwlenwed/kikichatwiath_ai-master/managed_components/espressif__esp-dsp/modules/math/mul/include -IF:/kikichatwiath_ai-fwlenwed/kikichatwiath_ai-master/managed_components/espressif__esp-dsp/modules/math/addc/include -IF:/kikichatwiath_ai-fwlenwed/kikichatwiath_ai-master/managed_components/espressif__esp-dsp/modules/math/mulc/include -IF:/kikichatwiath_ai-fwlenwed/kikichatwiath_ai-master/managed_components/espressif__esp-dsp/modules/math/sqrt/include -IF:/kikichatwiath_ai-fwlenwed/kikichatwiath_ai-master/managed_components/espressif__esp-dsp/modules/matrix/mul/include -IF:/kikichatwiath_ai-fwlenwed/kikichatwiath_ai-master/managed_components/espressif__esp-dsp/modules/matrix/add/include -IF:/kikichatwiath_ai-fwlenwed/kikichatwiath_ai-master/managed_components/espressif__esp-dsp/modules/matrix/addc/include -IF:/kikichatwiath_ai-fwlenwed/kikichatwiath_ai-master/managed_components/espressif__esp-dsp/modules/matrix/mulc/include -IF:/kikichatwiath_ai-fwlenwed/kikichatwiath_ai-master/managed_components/espressif__esp-dsp/modules/matrix/sub/include -IF:/kikichatwiath_ai-fwlenwed/kikichatwiath_ai-master/managed_components/espressif__esp-dsp/modules/matrix/include -IF:/kikichatwiath_ai-fwlenwed/kikichatwiath_ai-master/managed_components/espressif__esp-dsp/modules/fft/include -IF:/kikichatwiath_ai-fwlenwed/kikichatwiath_ai-master/managed_components/espressif__esp-dsp/modules/dct/include -IF:/kikichatwiath_ai-fwlenwed/kikichatwiath_ai-master/managed_components/espressif__esp-dsp/modules/conv/include -IF:/kikichatwiath_ai-fwlenwed/kikichatwiath_ai-master/managed_components/espressif__esp-dsp/modules/common/include -IF:/kikichatwiath_ai-fwlenwed/kikichatwiath_ai-master/managed_components/espressif__esp-dsp/modules/matrix/mul/test/include -IF:/kikichatwiath_ai-fwlenwed/kikichatwiath_ai-master/managed_components/espressif__esp-dsp/modules/kalman/ekf/include -IF:/kikichatwiath_ai-fwlenwed/kikichatwiath_ai-master/managed_components/espressif__esp-dsp/modules/kalman/ekf_imu13states/include -IF:/kikichatwiath_ai-fwlenwed/kikichatwiath_ai-master/managed_components/espressif__usb_host_uvc/include -IF:/kikichatwiath_ai-fwlenwed/kikichatwiath_ai-master/build/esp-idf/espressif__freetype/output/include -IF:/kikichatwiath_ai-fwlenwed/kikichatwiath_ai-master/managed_components/espressif__freetype/freetype/include -mlongcalls  -fno-builtin-memcpy -fno-builtin-memset -fno-builtin-bzero -fno-builtin-stpcpy -fno-builtin-strncpy -fdiagnostics-color=always -Wno-missing-field-initializers -fdiagnostics-color=always -ffunction-sections -fdata-sections -Wall -Werror=all -Wno-error=unused-function -Wno-error=unused-variable -Wno-error=unused-but-set-variable -Wno-error=deprecated-declarations -Wextra -Wno-error=extra -Wno-unused-parameter -Wno-sign-compare -Wno-enum-conversion -gdwarf-4 -ggdb -mdisable-hardware-atomics -Os -freorder-blocks -fmacro-prefix-map=F:/kikichatwiath_ai-fwlenwed/kikichatwiath_ai-master=. -fmacro-prefix-map=C:/Espressif/frameworks/esp-idf-v5.5=/IDF -fstrict-volatile-bitfields -fno-jump-tables -fno-tree-switch-conversion -std=gnu++2b -fexceptions -frtti -fuse-cxa-atexit -DESP_LCD_NV3023_VER_MAJOR=1 -DESP_LCD_NV3023_VER_MINOR=0 -DESP_LCD_NV3023_VER_PATCH=0 -DADC_BATTERY_ESTIMATION_VER_MAJOR=0 -DADC_BATTERY_ESTIMATION_VER_MINOR=2 -DADC_BATTERY_ESTIMATION_VER_PATCH=1 -DADC_MIC_VER_MAJOR=0 -DADC_MIC_VER_MINOR=2 -DADC_MIC_VER_PATCH=1 -DBUTTON_VER_MAJOR=4 -DBUTTON_VER_MINOR=1 -DBUTTON_VER_PATCH=5 -DESP_LCD_AXS15231B_VER_MAJOR=1 -DESP_LCD_AXS15231B_VER_MINOR=0 -DESP_LCD_AXS15231B_VER_PATCH=1 -DESP_LCD_GC9A01_VER_MAJOR=2 -DESP_LCD_GC9A01_VER_MINOR=0 -DESP_LCD_GC9A01_VER_PATCH=1 -DESP_LCD_ILI9341_VER_MAJOR=1 -DESP_LCD_ILI9341_VER_MINOR=2 -DESP_LCD_ILI9341_VER_PATCH=0 -DESP_LCD_PANEL_IO_ADDITIONS_VER_MAJOR=1 -DESP_LCD_PANEL_IO_ADDITIONS_VER_MINOR=0 -DESP_LCD_PANEL_IO_ADDITIONS_VER_PATCH=1 -DESP_LCD_SPD2010_VER_MAJOR=1 -DESP_LCD_SPD2010_VER_MINOR=0 -DESP_LCD_SPD2010_VER_PATCH=2 -DESP_LCD_ST7701_VER_MAJOR=1 -DESP_LCD_ST7701_VER_MINOR=1 -DESP_LCD_ST7701_VER_PATCH=5 -DESP_LCD_ST77916_VER_MAJOR=1 -DESP_LCD_ST77916_VER_MINOR=0 -DESP_LCD_ST77916_VER_PATCH=1 -DESP_LCD_ST7796_VER_MAJOR=1 -DESP_LCD_ST7796_VER_MINOR=3 -DESP_LCD_ST7796_VER_PATCH=5 -DESP_LCD_TOUCH_ST7123_VER_MAJOR=1 -DESP_LCD_TOUCH_ST7123_VER_MINOR=0 -DESP_LCD_TOUCH_ST7123_VER_PATCH=1 -DESP_MMAP_ASSETS_VER_MAJOR=1 -DESP_MMAP_ASSETS_VER_MINOR=4 -DESP_MMAP_ASSETS_VER_PATCH=0 -DESP_VIDEO_VER_MAJOR=1 -DESP_VIDEO_VER_MINOR=3 -DESP_VIDEO_VER_PATCH=1 -DESP_CAM_SENSOR_VER_MAJOR=1 -DESP_CAM_SENSOR_VER_MINOR=5 -DESP_CAM_SENSOR_VER_PATCH=2 -DKNOB_VER_MAJOR=1 -DKNOB_VER_MINOR=0 -DKNOB_VER_PATCH=2 -DESP_LCD_SH8601_VER_MAJOR=1 -DESP_LCD_SH8601_VER_MINOR=0 -DESP_LCD_SH8601_VER_PATCH=2 -MD -MT esp-idf/main/CMakeFiles/__idf_main.dir/boards/kiki/otto_controller.cc.obj -MF esp-idf\main\CMakeFiles\__idf_main.dir\boards\kiki\otto_controller.cc.obj.d -o esp-idf/main/CMakeFiles/__idf_main.dir/boards/kiki/otto_controller.cc.obj -c F:/kikichatwiath_ai-fwlenwed/kikichatwiath_ai-master/main/boards/kiki/otto_controller.cc
F:/kikichatwiath_ai-fwlenwed/kikichatwiath_ai-master/main/boards/kiki/otto_controller.cc:498:6: error: expected ';' after class definition
  498 |     }
      |      ^
      |      ;
F:/kikichatwiath_ai-fwlenwed/kikichatwiath_ai-master/main/boards/kiki/otto_controller.cc: In function 'void LoadIdleTimeoutFromNVS()':
F:/kikichatwiath_ai-fwlenwed/kikichatwiath_ai-master/main/boards/kiki/otto_controller.cc:513:17: error: 'idle_timeout_ms_' was not declared in this scope
  513 |                 idle_timeout_ms_ = (int64_t)timeout_minutes * 60 * 1000;
      |                 ^~~~~~~~~~~~~~~~
F:/kikichatwiath_ai-fwlenwed/kikichatwiath_ai-master/main/boards/kiki/otto_controller.cc: At global scope:
F:/kikichatwiath_ai-fwlenwed/kikichatwiath_ai-master/main/boards/kiki/otto_controller.cc:519:5: error: expected declaration before '}' token
  519 |     }
      |     ^
F:/kikichatwiath_ai-fwlenwed/kikichatwiath_ai-master/main/boards/kiki/otto_controller.cc:521:1: error: expected unqualified-id before 'public'
  521 | public:
      | ^~~~~~
F:/kikichatwiath_ai-fwlenwed/kikichatwiath_ai-master/main/boards/kiki/otto_controller.cc:536:5: error: ISO C++ forbids declaration of 'OttoController' with no type [-fpermissive]
  536 |     OttoController() {
      |     ^~~~~~~~~~~~~~
F:/kikichatwiath_ai-fwlenwed/kikichatwiath_ai-master/main/boards/kiki/otto_controller.cc: In function 'int OttoController()':
F:/kikichatwiath_ai-fwlenwed/kikichatwiath_ai-master/main/boards/kiki/otto_controller.cc:547:9: error: 'otto_' was not declared in this scope
  547 |         otto_.Init(LEFT_LEG_PIN, RIGHT_LEG_PIN, LEFT_FOOT_PIN, RIGHT_FOOT_PIN, DOG_TAIL_PIN);
      |         ^~~~~
F:/kikichatwiath_ai-fwlenwed/kikichatwiath_ai-master/main/boards/kiki/otto_controller.cc:551:9: error: 'LoadTrimsFromNVS' was not declared in this scope
  551 |         LoadTrimsFromNVS();
      |         ^~~~~~~~~~~~~~~~
F:/kikichatwiath_ai-fwlenwed/kikichatwiath_ai-master/main/boards/kiki/otto_controller.cc:552:9: error: 'LoadServoHomeFromNVS' was not declared in this scope
  552 |         LoadServoHomeFromNVS();  // Load calibrated home positions
      |         ^~~~~~~~~~~~~~~~~~~~
F:/kikichatwiath_ai-fwlenwed/kikichatwiath_ai-master/main/boards/kiki/otto_controller.cc:556:9: error: 'action_queue_' was not declared in this scope
  556 |         action_queue_ = xQueueCreate(10, sizeof(OttoActionParams));
      |         ^~~~~~~~~~~~~
In file included from C:/Espressif/frameworks/esp-idf-v5.5/components/freertos/esp_additions/include/freertos/idf_additions.h:21,
                 from C:/Espressif/frameworks/esp-idf-v5.5/components/freertos/FreeRTOS-Kernel/include/freertos/FreeRTOS.h:1533,
                 from F:/kikichatwiath_ai-fwlenwed/kikichatwiath_ai-master/main/application.h:4,
                 from F:/kikichatwiath_ai-fwlenwed/kikichatwiath_ai-master/main/boards/kiki/otto_controller.cc:12:
F:/kikichatwiath_ai-fwlenwed/kikichatwiath_ai-master/main/boards/kiki/otto_controller.cc:556:49: error: 'OttoActionParams' was not declared in this scope
  556 |         action_queue_ = xQueueCreate(10, sizeof(OttoActionParams));
      |                                                 ^~~~~~~~~~~~~~~~
C:/Espressif/frameworks/esp-idf-v5.5/components/freertos/FreeRTOS-Kernel/include/freertos/queue.h:149:100: note: in definition of macro 'xQueueCreate'
  149 |     #define xQueueCreate( uxQueueLength, uxItemSize )    xQueueGenericCreate( ( uxQueueLength ), ( uxItemSize ), ( queueQUEUE_TYPE_BASE ) )
      |                                                                                                    ^~~~~~~~~~
F:/kikichatwiath_ai-fwlenwed/kikichatwiath_ai-master/main/boards/kiki/otto_controller.cc:565:21: error: 'ACTION_HOME' was not declared in this scope
  565 |         QueueAction(ACTION_HOME, 1, 1000, 0, 0);  // Initialize to home position
      |                     ^~~~~~~~~~~
F:/kikichatwiath_ai-fwlenwed/kikichatwiath_ai-master/main/boards/kiki/otto_controller.cc:565:9: error: 'QueueAction' was not declared in this scope; did you mean 'eNoAction'?
  565 |         QueueAction(ACTION_HOME, 1, 1000, 0, 0);  // Initialize to home position
      |         ^~~~~~~~~~~
      |         eNoAction
F:/kikichatwiath_ai-fwlenwed/kikichatwiath_ai-master/main/boards/kiki/otto_controller.cc:567:9: error: 'RegisterMcpTools' was not declared in this scope
  567 |         RegisterMcpTools();
      |         ^~~~~~~~~~~~~~~~
F:/kikichatwiath_ai-fwlenwed/kikichatwiath_ai-master/main/boards/kiki/otto_controller.cc:569:5: error: no return statement in function returning non-void [-Werror=return-type]
  569 |     }
      |     ^
F:/kikichatwiath_ai-fwlenwed/kikichatwiath_ai-master/main/boards/kiki/otto_controller.cc: In function 'void RegisterMcpTools()':
F:/kikichatwiath_ai-fwlenwed/kikichatwiath_ai-master/main/boards/kiki/otto_controller.cc:594:29: error: invalid use of 'this' in non-member function
  594 |                            [this](const PropertyList& properties) -> ReturnValue {
      |                             ^~~~
F:/kikichatwiath_ai-fwlenwed/kikichatwiath_ai-master/main/boards/kiki/otto_controller.cc: In lambda function:
F:/kikichatwiath_ai-fwlenwed/kikichatwiath_ai-master/main/boards/kiki/otto_controller.cc:599:32: error: 'otto_' was not declared in this scope
  599 |                                otto_.DogWalk(steps, speed);
      |                                ^~~~~
F:/kikichatwiath_ai-fwlenwed/kikichatwiath_ai-master/main/boards/kiki/otto_controller.cc: In function 'void RegisterMcpTools()':
F:/kikichatwiath_ai-fwlenwed/kikichatwiath_ai-master/main/boards/kiki/otto_controller.cc:613:29: error: invalid use of 'this' in non-member function
  613 |                            [this](const PropertyList& properties) -> ReturnValue {
      |                             ^~~~
F:/kikichatwiath_ai-fwlenwed/kikichatwiath_ai-master/main/boards/kiki/otto_controller.cc: In lambda function:
F:/kikichatwiath_ai-fwlenwed/kikichatwiath_ai-master/main/boards/kiki/otto_controller.cc:618:32: error: 'otto_' was not declared in this scope
  618 |                                otto_.DogWalkBack(steps, speed);
      |                                ^~~~~
F:/kikichatwiath_ai-fwlenwed/kikichatwiath_ai-master/main/boards/kiki/otto_controller.cc: In function 'void RegisterMcpTools()':
F:/kikichatwiath_ai-fwlenwed/kikichatwiath_ai-master/main/boards/kiki/otto_controller.cc:632:29: error: invalid use of 'this' in non-member function
  632 |                            [this](const PropertyList& properties) -> ReturnValue {
      |                             ^~~~
F:/kikichatwiath_ai-fwlenwed/kikichatwiath_ai-master/main/boards/kiki/otto_controller.cc: In lambda function:
F:/kikichatwiath_ai-fwlenwed/kikichatwiath_ai-master/main/boards/kiki/otto_controller.cc:637:32: error: 'otto_' was not declared in this scope
  637 |                                otto_.DogTurnLeft(steps, speed);
      |                                ^~~~~
F:/kikichatwiath_ai-fwlenwed/kikichatwiath_ai-master/main/boards/kiki/otto_controller.cc: In function 'void RegisterMcpTools()':
F:/kikichatwiath_ai-fwlenwed/kikichatwiath_ai-master/main/boards/kiki/otto_controller.cc:651:29: error: invalid use of 'this' in non-member function
  651 |                            [this](const PropertyList& properties) -> ReturnValue {
      |                             ^~~~
F:/kikichatwiath_ai-fwlenwed/kikichatwiath_ai-master/main/boards/kiki/otto_controller.cc: In lambda function:
F:/kikichatwiath_ai-fwlenwed/kikichatwiath_ai-master/main/boards/kiki/otto_controller.cc:656:32: error: 'otto_' was not declared in this scope
  656 |                                otto_.DogTurnRight(steps, speed);
      |                                ^~~~~
F:/kikichatwiath_ai-fwlenwed/kikichatwiath_ai-master/main/boards/kiki/otto_controller.cc: In function 'void RegisterMcpTools()':
F:/kikichatwiath_ai-fwlenwed/kikichatwiath_ai-master/main/boards/kiki/otto_controller.cc:668:29: error: invalid use of 'this' in non-member function
  668 |                            [this](const PropertyList& properties) -> ReturnValue {
      |                             ^~~~
F:/kikichatwiath_ai-fwlenwed/kikichatwiath_ai-master/main/boards/kiki/otto_controller.cc: In lambda function:
F:/kikichatwiath_ai-fwlenwed/kikichatwiath_ai-master/main/boards/kiki/otto_controller.cc:672:32: error: 'otto_' was not declared in this scope
  672 |                                otto_.DogSitDown(delay);
      |                                ^~~~~
F:/kikichatwiath_ai-fwlenwed/kikichatwiath_ai-master/main/boards/kiki/otto_controller.cc: In function 'void RegisterMcpTools()':
F:/kikichatwiath_ai-fwlenwed/kikichatwiath_ai-master/main/boards/kiki/otto_controller.cc:682:29: error: invalid use of 'this' in non-member function
  682 |                            [this](const PropertyList& properties) -> ReturnValue {
      |                             ^~~~
F:/kikichatwiath_ai-fwlenwed/kikichatwiath_ai-master/main/boards/kiki/otto_controller.cc: In lambda function:
F:/kikichatwiath_ai-fwlenwed/kikichatwiath_ai-master/main/boards/kiki/otto_controller.cc:686:32: error: 'otto_' was not declared in this scope
  686 |                                otto_.DogLieDown(delay);
      |                                ^~~~~
F:/kikichatwiath_ai-fwlenwed/kikichatwiath_ai-master/main/boards/kiki/otto_controller.cc: In function 'void RegisterMcpTools()':
F:/kikichatwiath_ai-fwlenwed/kikichatwiath_ai-master/main/boards/kiki/otto_controller.cc:696:29: error: invalid use of 'this' in non-member function
  696 |                            [this](const PropertyList& properties) -> ReturnValue {
      |                             ^~~~
F:/kikichatwiath_ai-fwlenwed/kikichatwiath_ai-master/main/boards/kiki/otto_controller.cc: In lambda function:
F:/kikichatwiath_ai-fwlenwed/kikichatwiath_ai-master/main/boards/kiki/otto_controller.cc:699:32: error: 'otto_' was not declared in this scope
  699 |                                otto_.StandUp();
      |                                ^~~~~
F:/kikichatwiath_ai-fwlenwed/kikichatwiath_ai-master/main/boards/kiki/otto_controller.cc: In function 'void RegisterMcpTools()':
F:/kikichatwiath_ai-fwlenwed/kikichatwiath_ai-master/main/boards/kiki/otto_controller.cc:709:29: error: invalid use of 'this' in non-member function
  709 |                            [this](const PropertyList& properties) -> ReturnValue {
      |                             ^~~~
F:/kikichatwiath_ai-fwlenwed/kikichatwiath_ai-master/main/boards/kiki/otto_controller.cc: In lambda function:
F:/kikichatwiath_ai-fwlenwed/kikichatwiath_ai-master/main/boards/kiki/otto_controller.cc:713:32: error: 'otto_' was not declared in this scope
  713 |                                otto_.DogJump(delay);
      |                                ^~~~~
F:/kikichatwiath_ai-fwlenwed/kikichatwiath_ai-master/main/boards/kiki/otto_controller.cc: In function 'void RegisterMcpTools()':
F:/kikichatwiath_ai-fwlenwed/kikichatwiath_ai-master/main/boards/kiki/otto_controller.cc:723:29: error: invalid use of 'this' in non-member function
  723 |                            [this](const PropertyList& properties) -> ReturnValue {
      |                             ^~~~
F:/kikichatwiath_ai-fwlenwed/kikichatwiath_ai-master/main/boards/kiki/otto_controller.cc: In lambda function:
F:/kikichatwiath_ai-fwlenwed/kikichatwiath_ai-master/main/boards/kiki/otto_controller.cc:727:32: error: 'otto_' was not declared in this scope
  727 |                                otto_.DogBow(delay);
      |                                ^~~~~
F:/kikichatwiath_ai-fwlenwed/kikichatwiath_ai-master/main/boards/kiki/otto_controller.cc: In function 'void RegisterMcpTools()':
F:/kikichatwiath_ai-fwlenwed/kikichatwiath_ai-master/main/boards/kiki/otto_controller.cc:739:29: error: invalid use of 'this' in non-member function
  739 |                            [this](const PropertyList& properties) -> ReturnValue {
      |                             ^~~~
F:/kikichatwiath_ai-fwlenwed/kikichatwiath_ai-master/main/boards/kiki/otto_controller.cc: In lambda function:
F:/kikichatwiath_ai-fwlenwed/kikichatwiath_ai-master/main/boards/kiki/otto_controller.cc:748:32: error: 'otto_' was not declared in this scope
  748 |                                otto_.DogDance(cycles, speed);
      |                                ^~~~~
F:/kikichatwiath_ai-fwlenwed/kikichatwiath_ai-master/main/boards/kiki/otto_controller.cc: In function 'void RegisterMcpTools()':
F:/kikichatwiath_ai-fwlenwed/kikichatwiath_ai-master/main/boards/kiki/otto_controller.cc:760:29: error: invalid use of 'this' in non-member function
  760 |                            [this](const PropertyList& properties) -> ReturnValue {
      |                             ^~~~
F:/kikichatwiath_ai-fwlenwed/kikichatwiath_ai-master/main/boards/kiki/otto_controller.cc: In lambda function:
F:/kikichatwiath_ai-fwlenwed/kikichatwiath_ai-master/main/boards/kiki/otto_controller.cc:765:32: error: 'otto_' was not declared in this scope
  765 |                                otto_.DogWaveRightFoot(waves, speed);
      |                                ^~~~~
F:/kikichatwiath_ai-fwlenwed/kikichatwiath_ai-master/main/boards/kiki/otto_controller.cc: In function 'void RegisterMcpTools()':
F:/kikichatwiath_ai-fwlenwed/kikichatwiath_ai-master/main/boards/kiki/otto_controller.cc:777:29: error: invalid use of 'this' in non-member function
  777 |                            [this](const PropertyList& properties) -> ReturnValue {
      |                             ^~~~
F:/kikichatwiath_ai-fwlenwed/kikichatwiath_ai-master/main/boards/kiki/otto_controller.cc: In lambda function:
F:/kikichatwiath_ai-fwlenwed/kikichatwiath_ai-master/main/boards/kiki/otto_controller.cc:786:32: error: 'otto_' was not declared in this scope
  786 |                                otto_.DogDance4Feet(cycles, speed);
      |                                ^~~~~
F:/kikichatwiath_ai-fwlenwed/kikichatwiath_ai-master/main/boards/kiki/otto_controller.cc: In function 'void RegisterMcpTools()':
F:/kikichatwiath_ai-fwlenwed/kikichatwiath_ai-master/main/boards/kiki/otto_controller.cc:798:29: error: invalid use of 'this' in non-member function
  798 |                            [this](const PropertyList& properties) -> ReturnValue {
      |                             ^~~~
F:/kikichatwiath_ai-fwlenwed/kikichatwiath_ai-master/main/boards/kiki/otto_controller.cc: In lambda function:
F:/kikichatwiath_ai-fwlenwed/kikichatwiath_ai-master/main/boards/kiki/otto_controller.cc:807:32: error: 'otto_' was not declared in this scope
  807 |                                otto_.DogSwing(cycles, speed);
      |                                ^~~~~
F:/kikichatwiath_ai-fwlenwed/kikichatwiath_ai-master/main/boards/kiki/otto_controller.cc: In function 'void RegisterMcpTools()':
F:/kikichatwiath_ai-fwlenwed/kikichatwiath_ai-master/main/boards/kiki/otto_controller.cc:819:29: error: invalid use of 'this' in non-member function
  819 |                            [this](const PropertyList& properties) -> ReturnValue {
      |                             ^~~~
F:/kikichatwiath_ai-fwlenwed/kikichatwiath_ai-master/main/boards/kiki/otto_controller.cc: In lambda function:
F:/kikichatwiath_ai-fwlenwed/kikichatwiath_ai-master/main/boards/kiki/otto_controller.cc:828:32: error: 'otto_' was not declared in this scope
  828 |                                otto_.DogStretch(cycles, speed);
      |                                ^~~~~
F:/kikichatwiath_ai-fwlenwed/kikichatwiath_ai-master/main/boards/kiki/otto_controller.cc: In function 'void RegisterMcpTools()':
F:/kikichatwiath_ai-fwlenwed/kikichatwiath_ai-master/main/boards/kiki/otto_controller.cc:840:29: error: invalid use of 'this' in non-member function
  840 |                            [this](const PropertyList& properties) -> ReturnValue {
      |                             ^~~~
F:/kikichatwiath_ai-fwlenwed/kikichatwiath_ai-master/main/boards/kiki/otto_controller.cc: In lambda function:
F:/kikichatwiath_ai-fwlenwed/kikichatwiath_ai-master/main/boards/kiki/otto_controller.cc:854:32: error: 'OttoActionParams' was not declared in this scope
  854 |                                OttoActionParams params;
      |                                ^~~~~~~~~~~~~~~~
F:/kikichatwiath_ai-fwlenwed/kikichatwiath_ai-master/main/boards/kiki/otto_controller.cc:855:32: error: 'params' was not declared in this scope
  855 |                                params.action_type = ACTION_DOG_PUSHUP;
      |                                ^~~~~~
F:/kikichatwiath_ai-fwlenwed/kikichatwiath_ai-master/main/boards/kiki/otto_controller.cc:855:53: error: 'ACTION_DOG_PUSHUP' was not declared in this scope
  855 |                                params.action_type = ACTION_DOG_PUSHUP;
      |                                                     ^~~~~~~~~~~~~~~~~
F:/kikichatwiath_ai-fwlenwed/kikichatwiath_ai-master/main/boards/kiki/otto_controller.cc:860:47: error: 'action_queue_' was not declared in this scope
  860 |                                if (xQueueSend(action_queue_, &params, 0) != pdTRUE) {
      |                                               ^~~~~~~~~~~~~
C:/Espressif/frameworks/esp-idf-v5.5/components/freertos/FreeRTOS-Kernel/include/freertos/queue.h:470:26: note: in definition of macro 'xQueueSend'
  470 |     xQueueGenericSend( ( xQueue ), ( pvItemToQueue ), ( xTicksToWait ), queueSEND_TO_BACK )
      |                          ^~~~~~
F:/kikichatwiath_ai-fwlenwed/kikichatwiath_ai-master/main/boards/kiki/otto_controller.cc:863:36: error: 'otto_' was not declared in this scope
  863 |                                    otto_.DogPushup(pushups, speed);
      |                                    ^~~~~
F:/kikichatwiath_ai-fwlenwed/kikichatwiath_ai-master/main/boards/kiki/otto_controller.cc: In function 'void RegisterMcpTools()':
F:/kikichatwiath_ai-fwlenwed/kikichatwiath_ai-master/main/boards/kiki/otto_controller.cc:881:29: error: invalid use of 'this' in non-member function
  881 |                            [this](const PropertyList& properties) -> ReturnValue {
      |                             ^~~~
F:/kikichatwiath_ai-fwlenwed/kikichatwiath_ai-master/main/boards/kiki/otto_controller.cc: In lambda function:
F:/kikichatwiath_ai-fwlenwed/kikichatwiath_ai-master/main/boards/kiki/otto_controller.cc:890:32: error: 'otto_' was not declared in this scope
  890 |                                otto_.WagTail(wags, speed);
      |                                ^~~~~
F:/kikichatwiath_ai-fwlenwed/kikichatwiath_ai-master/main/boards/kiki/otto_controller.cc: In function 'void RegisterMcpTools()':
F:/kikichatwiath_ai-fwlenwed/kikichatwiath_ai-master/main/boards/kiki/otto_controller.cc:902:29: error: invalid use of 'this' in non-member function
  902 |                            [this](const PropertyList& properties) -> ReturnValue {
      |                             ^~~~
F:/kikichatwiath_ai-fwlenwed/kikichatwiath_ai-master/main/boards/kiki/otto_controller.cc: In lambda function:
F:/kikichatwiath_ai-fwlenwed/kikichatwiath_ai-master/main/boards/kiki/otto_controller.cc:911:32: error: 'otto_' was not declared in this scope
  911 |                                otto_.DogToilet(hold_ms, speed);
      |                                ^~~~~
F:/kikichatwiath_ai-fwlenwed/kikichatwiath_ai-master/main/boards/kiki/otto_controller.cc: In function 'void RegisterMcpTools()':
F:/kikichatwiath_ai-fwlenwed/kikichatwiath_ai-master/main/boards/kiki/otto_controller.cc:924:29: error: invalid use of 'this' in non-member function
  924 |                            [this](const PropertyList& properties) -> ReturnValue {
      |                             ^~~~
F:/kikichatwiath_ai-fwlenwed/kikichatwiath_ai-master/main/boards/kiki/otto_controller.cc:948:29: error: invalid use of 'this' in non-member function
  948 |                            [this](const PropertyList& properties) -> ReturnValue {
      |                             ^~~~
F:/kikichatwiath_ai-fwlenwed/kikichatwiath_ai-master/main/boards/kiki/otto_controller.cc:981:29: error: invalid use of 'this' in non-member function
  981 |                            [this](const PropertyList& properties) -> ReturnValue {
      |                             ^~~~
F:/kikichatwiath_ai-fwlenwed/kikichatwiath_ai-master/main/boards/kiki/otto_controller.cc:1027:29: error: invalid use of 'this' in non-member function
 1027 |                            [this](const PropertyList& properties) -> ReturnValue {
      |                             ^~~~
F:/kikichatwiath_ai-fwlenwed/kikichatwiath_ai-master/main/boards/kiki/otto_controller.cc:1083:33: error: invalid use of 'this' in non-member function
 1083 |                                [this](const PropertyList& properties) -> ReturnValue {
      |                                 ^~~~
F:/kikichatwiath_ai-fwlenwed/kikichatwiath_ai-master/main/boards/kiki/otto_controller.cc:1155:29: error: invalid use of 'this' in non-member function
 1155 |                            [this](const PropertyList& properties) -> ReturnValue {
      |                             ^~~~
F:/kikichatwiath_ai-fwlenwed/kikichatwiath_ai-master/main/boards/kiki/otto_controller.cc: In lambda function:
F:/kikichatwiath_ai-fwlenwed/kikichatwiath_ai-master/main/boards/kiki/otto_controller.cc:1156:36: error: 'action_task_handle_' was not declared in this scope; did you mean 'lv_task_handler'?
 1156 |                                if (action_task_handle_ != nullptr) {
      |                                    ^~~~~~~~~~~~~~~~~~~
      |                                    lv_task_handler
F:/kikichatwiath_ai-fwlenwed/kikichatwiath_ai-master/main/boards/kiki/otto_controller.cc:1160:32: error: 'is_action_in_progress_' was not declared in this scope
 1160 |                                is_action_in_progress_ = false;
      |                                ^~~~~~~~~~~~~~~~~~~~~~
F:/kikichatwiath_ai-fwlenwed/kikichatwiath_ai-master/main/boards/kiki/otto_controller.cc:1161:44: error: 'action_queue_' was not declared in this scope
 1161 |                                xQueueReset(action_queue_);
      |                                            ^~~~~~~~~~~~~
C:/Espressif/frameworks/esp-idf-v5.5/components/freertos/FreeRTOS-Kernel/include/freertos/queue.h:1372:56: note: in definition of macro 'xQueueReset'
 1372 | #define xQueueReset( xQueue )    xQueueGenericReset( ( xQueue ), pdFALSE )
      |                                                        ^~~~~~
F:/kikichatwiath_ai-fwlenwed/kikichatwiath_ai-master/main/boards/kiki/otto_controller.cc:1165:32: error: 'otto_' was not declared in this scope
 1165 |                                otto_.Home();
      |                                ^~~~~
F:/kikichatwiath_ai-fwlenwed/kikichatwiath_ai-master/main/boards/kiki/otto_controller.cc: In function 'void ExecuteAction(int, int, int, int, int)':
F:/kikichatwiath_ai-fwlenwed/kikichatwiath_ai-master/main/boards/kiki/otto_controller.cc:1270:9: error: 'QueueAction' was not declared in this scope; did you mean 'eNoAction'?
 1270 |         QueueAction(action_type, steps, speed, direction, amount);
      |         ^~~~~~~~~~~
      |         eNoAction
F:/kikichatwiath_ai-fwlenwed/kikichatwiath_ai-master/main/boards/kiki/otto_controller.cc: In function 'void StopAll()':
F:/kikichatwiath_ai-fwlenwed/kikichatwiath_ai-master/main/boards/kiki/otto_controller.cc:1278:13: error: 'action_queue_' was not declared in this scope
 1278 |         if (action_queue_ != nullptr) {
      |             ^~~~~~~~~~~~~
F:/kikichatwiath_ai-fwlenwed/kikichatwiath_ai-master/main/boards/kiki/otto_controller.cc:1284:9: error: 'is_action_in_progress_' was not declared in this scope
 1284 |         is_action_in_progress_ = false;
      |         ^~~~~~~~~~~~~~~~~~~~~~
F:/kikichatwiath_ai-fwlenwed/kikichatwiath_ai-master/main/boards/kiki/otto_controller.cc:1287:9: error: 'otto_' was not declared in this scope
 1287 |         otto_.Home();
      |         ^~~~~
F:/kikichatwiath_ai-fwlenwed/kikichatwiath_ai-master/main/boards/kiki/otto_controller.cc: In function 'void SetServoAngle(int, int)':
F:/kikichatwiath_ai-fwlenwed/kikichatwiath_ai-master/main/boards/kiki/otto_controller.cc:1294:9: error: 'otto_' was not declared in this scope
 1294 |         otto_.ServoAngleSet(servo_id, angle, 0);
      |         ^~~~~
F:/kikichatwiath_ai-fwlenwed/kikichatwiath_ai-master/main/boards/kiki/otto_controller.cc: In function 'int GetServoAngle(int)':
F:/kikichatwiath_ai-fwlenwed/kikichatwiath_ai-master/main/boards/kiki/otto_controller.cc:1299:16: error: 'otto_' was not declared in this scope
 1299 |         return otto_.GetServoAngle(servo_id);
      |                ^~~~~
F:/kikichatwiath_ai-fwlenwed/kikichatwiath_ai-master/main/boards/kiki/otto_controller.cc: In function 'void ApplyServoHome(int, int, int, int)':
F:/kikichatwiath_ai-fwlenwed/kikichatwiath_ai-master/main/boards/kiki/otto_controller.cc:1305:9: error: 'otto_' was not declared in this scope
 1305 |         otto_.ServoInit(lf, rf, lb, rb, 1000);
      |         ^~~~~
F:/kikichatwiath_ai-fwlenwed/kikichatwiath_ai-master/main/boards/kiki/otto_controller.cc: In function 'void SetIdleTimeout(int64_t)':
F:/kikichatwiath_ai-fwlenwed/kikichatwiath_ai-master/main/boards/kiki/otto_controller.cc:1311:9: error: 'idle_timeout_ms_' was not declared in this scope; did you mean 'timeout_ms'?
 1311 |         idle_timeout_ms_ = timeout_ms;
      |         ^~~~~~~~~~~~~~~~
      |         timeout_ms
F:/kikichatwiath_ai-fwlenwed/kikichatwiath_ai-master/main/boards/kiki/otto_controller.cc: At global scope:
F:/kikichatwiath_ai-fwlenwed/kikichatwiath_ai-master/main/boards/kiki/otto_controller.cc:1316:5: error: declaration of '~ OttoController' as non-member
 1316 |     ~OttoController() {
      |     ^~~~~~~~~~~~~~~
F:/kikichatwiath_ai-fwlenwed/kikichatwiath_ai-master/main/boards/kiki/otto_controller.cc:1323:1: error: expected declaration before '}' token
 1323 | };
      | ^
F:/kikichatwiath_ai-fwlenwed/kikichatwiath_ai-master/main/boards/kiki/otto_controller.cc:1325:8: error: 'OttoController' does not name a type
 1325 | static OttoController* g_otto_controller = nullptr;
      |        ^~~~~~~~~~~~~~
F:/kikichatwiath_ai-fwlenwed/kikichatwiath_ai-master/main/boards/kiki/otto_controller.cc: In function 'void InitializeOttoController()':
F:/kikichatwiath_ai-fwlenwed/kikichatwiath_ai-master/main/boards/kiki/otto_controller.cc:1328:9: error: 'g_otto_controller' was not declared in this scope; did you mean 'OttoController'?
 1328 |     if (g_otto_controller == nullptr) {
      |         ^~~~~~~~~~~~~~~~~
      |         OttoController
F:/kikichatwiath_ai-fwlenwed/kikichatwiath_ai-master/main/boards/kiki/otto_controller.cc:1329:33: error: expected type-specifier before 'OttoController'
 1329 |         g_otto_controller = new OttoController();
      |                                 ^~~~~~~~~~~~~~
F:/kikichatwiath_ai-fwlenwed/kikichatwiath_ai-master/main/boards/kiki/otto_controller.cc: In function 'esp_err_t otto_controller_queue_action(int, int, int, int, int)':
F:/kikichatwiath_ai-fwlenwed/kikichatwiath_ai-master/main/boards/kiki/otto_controller.cc:1340:13: error: 'g_otto_controller' was not declared in this scope; did you mean 'OttoController'?
 1340 |         if (g_otto_controller == nullptr) {
      |             ^~~~~~~~~~~~~~~~~
      |             OttoController
F:/kikichatwiath_ai-fwlenwed/kikichatwiath_ai-master/main/boards/kiki/otto_controller.cc:1345:9: error: 'g_otto_controller' was not declared in this scope; did you mean 'OttoController'?
 1345 |         g_otto_controller->ExecuteAction(action_type, steps, speed, direction, amount);
      |         ^~~~~~~~~~~~~~~~~
      |         OttoController
F:/kikichatwiath_ai-fwlenwed/kikichatwiath_ai-master/main/boards/kiki/otto_controller.cc: In function 'esp_err_t otto_controller_stop_all()':
F:/kikichatwiath_ai-fwlenwed/kikichatwiath_ai-master/main/boards/kiki/otto_controller.cc:1353:13: error: 'g_otto_controller' was not declared in this scope; did you mean 'OttoController'?
 1353 |         if (g_otto_controller == nullptr) {
      |             ^~~~~~~~~~~~~~~~~
      |             OttoController
F:/kikichatwiath_ai-fwlenwed/kikichatwiath_ai-master/main/boards/kiki/otto_controller.cc:1359:9: error: 'g_otto_controller' was not declared in this scope; did you mean 'OttoController'?
 1359 |         g_otto_controller->StopAll();
      |         ^~~~~~~~~~~~~~~~~
      |         OttoController
F:/kikichatwiath_ai-fwlenwed/kikichatwiath_ai-master/main/boards/kiki/otto_controller.cc: In function 'void otto_controller_set_servo_angle(int, int)':
F:/kikichatwiath_ai-fwlenwed/kikichatwiath_ai-master/main/boards/kiki/otto_controller.cc:1365:13: error: 'g_otto_controller' was not declared in this scope; did you mean 'OttoController'?
 1365 |         if (g_otto_controller == nullptr) {
      |             ^~~~~~~~~~~~~~~~~
      |             OttoController
F:/kikichatwiath_ai-fwlenwed/kikichatwiath_ai-master/main/boards/kiki/otto_controller.cc:1371:9: error: 'g_otto_controller' was not declared in this scope; did you mean 'OttoController'?
 1371 |         g_otto_controller->SetServoAngle(servo_id, angle);
      |         ^~~~~~~~~~~~~~~~~
      |         OttoController
F:/kikichatwiath_ai-fwlenwed/kikichatwiath_ai-master/main/boards/kiki/otto_controller.cc: In function 'void otto_controller_get_servo_angles(int*)':
F:/kikichatwiath_ai-fwlenwed/kikichatwiath_ai-master/main/boards/kiki/otto_controller.cc:1376:13: error: 'g_otto_controller' was not declared in this scope; did you mean 'OttoController'?
 1376 |         if (g_otto_controller == nullptr) {
      |             ^~~~~~~~~~~~~~~~~
      |             OttoController
F:/kikichatwiath_ai-fwlenwed/kikichatwiath_ai-master/main/boards/kiki/otto_controller.cc:1382:21: error: 'g_otto_controller' was not declared in this scope; did you mean 'OttoController'?
 1382 |         angles[0] = g_otto_controller->GetServoAngle(0);  // LF
      |                     ^~~~~~~~~~~~~~~~~
      |                     OttoController
F:/kikichatwiath_ai-fwlenwed/kikichatwiath_ai-master/main/boards/kiki/otto_controller.cc: In function 'void otto_controller_apply_servo_home(int, int, int, int)':
F:/kikichatwiath_ai-fwlenwed/kikichatwiath_ai-master/main/boards/kiki/otto_controller.cc:1392:13: error: 'g_otto_controller' was not declared in this scope; did you mean 'OttoController'?
 1392 |         if (g_otto_controller == nullptr) {
      |             ^~~~~~~~~~~~~~~~~
      |             OttoController
F:/kikichatwiath_ai-fwlenwed/kikichatwiath_ai-master/main/boards/kiki/otto_controller.cc:1397:9: error: 'g_otto_controller' was not declared in this scope; did you mean 'OttoController'?
 1397 |         g_otto_controller->ApplyServoHome(lf, rf, lb, rb);
      |         ^~~~~~~~~~~~~~~~~
      |         OttoController
F:/kikichatwiath_ai-fwlenwed/kikichatwiath_ai-master/main/boards/kiki/otto_controller.cc: In function 'void otto_controller_set_idle_timeout(uint32_t)':
F:/kikichatwiath_ai-fwlenwed/kikichatwiath_ai-master/main/boards/kiki/otto_controller.cc:1401:13: error: 'g_otto_controller' was not declared in this scope; did you mean 'OttoController'?
 1401 |         if (g_otto_controller == nullptr) {
      |             ^~~~~~~~~~~~~~~~~
      |             OttoController
F:/kikichatwiath_ai-fwlenwed/kikichatwiath_ai-master/main/boards/kiki/otto_controller.cc:1406:9: error: 'g_otto_controller' was not declared in this scope; did you mean 'OttoController'?

 1406 |         g_otto_controller->SetIdleTimeout((int64_t)timeout_ms);

      |         ^~~~~~~~~~~~~~~~~

      |         OttoController

cc1plus.exe: some warnings being treated as errors

ninja: build stopped: subcommand failed.

python.exe : ninja failed with exit code 1, output of the command is in the 
F:\kikichatwiath_ai-fwlenwed\kikichatwiath_ai-master\build\log\idf_py_stderr_output_38004 and 
F:\kikichatwiath_ai-fwlenwed\kikichatwiath_ai-master\build\log\idf_py_stdout_output_38004
At C:\Users\congh\AppData\Local\Temp\esp_idf_activate_congh\activate_n4ce4rfr.ps1:11 char:19
+ function idf.py { &python "$Env:IDF_PATH\tools\idf.py" $args }
+                   ~~~~~~~~~~~~~~~~~~~~~~~~~~~~~~~~~~~~~~~~~~
    + CategoryInfo          : NotSpecified: (ninja failed wi...ut_output_38004:String) [], RemoteException
    + FullyQualifiedErrorId : NativeCommandError
 
